2549117 <... epoll_wait resumed>[], 1024, 500) = 0
2549117 write(13, "\1\0\0\0\0\0\0\0", 8) = 8
2549117 write(13, "\1\0\0\0\0\0\0\0", 8) = 8
2549117 epoll_wait(12, [{events=EPOLLIN, data={u32=2147483648, u64=2147483648}}], 1024, 447) = 1
2549117 epoll_wait(12,  <unfinished ...>
2549118 <... epoll_wait resumed>[], 1024, 500) = 0
2549118 write(17, "\1\0\0\0\0\0\0\0", 8) = 8
2549118 write(17, "\1\0\0\0\0\0\0\0", 8) = 8
2549118 epoll_wait(16, [{events=EPOLLIN, data={u32=2147483648, u64=2147483648}}], 1024, 448) = 1
2549118 epoll_wait(16,  <unfinished ...>
2549117 <... epoll_wait resumed>[], 1024, 447) = 0
2549117 epoll_wait(12,  <unfinished ...>
2549118 <... epoll_wait resumed>[], 1024, 447) = 0
2549118 epoll_wait(16,  <unfinished ...>
2549117 <... epoll_wait resumed>[], 1024, 52) = 0
2549117 write(13, "\1\0\0\0\0\0\0\0", 8) = 8
2549117 write(13, "\1\0\0\0\0\0\0\0", 8) = 8
2549117 epoll_wait(12, [{events=EPOLLIN, data={u32=2147483648, u64=2147483648}}], 1024, 459) = 1
2549117 epoll_wait(12,  <unfinished ...>
2549118 <... epoll_wait resumed>[], 1024, 52) = 0
2549118 write(17, "\1\0\0\0\0\0\0\0", 8) = 8
2549118 write(17, "\1\0\0\0\0\0\0\0", 8) = 8
2549118 epoll_wait(16, [{events=EPOLLIN, data={u32=2147483648, u64=2147483648}}], 1024, 459) = 1
2549118 epoll_wait(16,  <unfinished ...>
2549117 <... epoll_wait resumed>[], 1024, 459) = 0
2549117 epoll_wait(12,  <unfinished ...>
2549118 <... epoll_wait resumed>[], 1024, 459) = 0
2549118 epoll_wait(16,  <unfinished ...>
2549117 <... epoll_wait resumed>[], 1024, 40) = 0
2549117 write(13, "\1\0\0\0\0\0\0\0", 8) = 8
2549117 write(13, "\1\0\0\0\0\0\0\0", 8) = 8
2549117 epoll_wait(12, [{events=EPOLLIN, data={u32=2147483648, u64=2147483648}}], 1024, 471) = 1
2549117 epoll_wait(12,  <unfinished ...>
2549118 <... epoll_wait resumed>[], 1024, 40) = 0
2549118 write(17, "\1\0\0\0\0\0\0\0", 8) = 8
2549118 write(17, "\1\0\0\0\0\0\0\0", 8) = 8
2549118 epoll_wait(16, [{events=EPOLLIN, data={u32=2147483648, u64=2147483648}}], 1024, 471) = 1
2549118 epoll_wait(16,  <unfinished ...>
2549117 <... epoll_wait resumed>[], 1024, 471) = 0
2549117 epoll_wait(12,  <unfinished ...>
2549118 <... epoll_wait resumed>[], 1024, 471) = 0
2549118 epoll_wait(16,  <unfinished ...>
2549117 <... epoll_wait resumed>[], 1024, 27) = 0
2549117 write(13, "\1\0\0\0\0\0\0\0", 8) = 8
2549117 write(13, "\1\0\0\0\0\0\0\0", 8) = 8
2549117 epoll_wait(12, [{events=EPOLLIN, data={u32=2147483648, u64=2147483648}}], 1024, 163) = 1
2549117 epoll_wait(12,  <unfinished ...>
2549118 <... epoll_wait resumed>[], 1024, 27) = 0
2549118 write(17, "\1\0\0\0\0\0\0\0", 8) = 8
2549118 write(17, "\1\0\0\0\0\0\0\0", 8) = 8
2549118 epoll_wait(16, [{events=EPOLLIN, data={u32=2147483648, u64=2147483648}}], 1024, 164) = 1
2549118 epoll_wait(16,  <unfinished ...>
2549116 <... epoll_wait resumed>0x55703c584820, 1024, -1) = -1 EINTR (Interrupted system call)
2549116 --- SIGINT {si_signo=SIGINT, si_code=SI_KERNEL} ---
2549116 write(7, "\1", 1)               = 1
2549118 <... epoll_wait resumed>[{events=EPOLLIN|EPOLLOUT, data={u32=0, u64=0}}], 1024, 164) = 1
2549117 <... epoll_wait resumed>[{events=EPOLLIN|EPOLLOUT, data={u32=0, u64=0}}], 1024, 163) = 1
2549116 rt_sigreturn({mask=[]})         = -1 EINTR (Interrupted system call)
2549118 recvfrom(19,  <unfinished ...>
2549117 recvfrom(15,  <unfinished ...>
2549118 <... recvfrom resumed>"\1", 128, 0, NULL, NULL) = 1
2549117 <... recvfrom resumed>0x7f52650b8850, 128, 0, NULL, NULL) = -1 EAGAIN (Resource temporarily unavailable)
2549116 epoll_wait(3,  <unfinished ...>
2549118 recvfrom(19,  <unfinished ...>
2549116 <... epoll_wait resumed>[{events=EPOLLOUT, data={u32=0, u64=0}}], 1024, -1) = 1
2549118 <... recvfrom resumed>0x7f5264eb7850, 128, 0, NULL, NULL) = -1 EAGAIN (Resource temporarily unavailable)
2549117 write(4, "\1\0\0\0\0\0\0\0", 8) = 8
2549118 epoll_wait(16,  <unfinished ...>
2549117 epoll_wait(12,  <unfinished ...>
2549116 write(2, "\33[0m\33[38;5;8m[\33[0m2022-03-18T03:"..., 139) = 139
2549116 write(11, "\1\0\0\0\0\0\0\0", 8) = 8
2549119 <... epoll_wait resumed>[{events=EPOLLIN, data={u32=4294967295, u64=18446744073709551615}}], 256, -1) = 1
2549119 epoll_ctl(10, EPOLL_CTL_DEL, 9, NULL <unfinished ...>
2549116 write(13, "\1\0\0\0\0\0\0\0", 8 <unfinished ...>
2549119 <... epoll_ctl resumed>)        = 0
2549116 <... write resumed>)            = 8
2549119 write(2, "\33[0m\33[38;5;8m[\33[0m2022-03-18T03:"..., 119 <unfinished ...>
2549117 <... epoll_wait resumed>[{events=EPOLLIN, data={u32=2147483648, u64=2147483648}}], 1024, 102) = 1
2549116 write(17, "\1\0\0\0\0\0\0\0", 8 <unfinished ...>
2549119 <... write resumed>)            = 119
2549116 <... write resumed>)            = 8
2549119 close(10 <unfinished ...>
2549118 <... epoll_wait resumed>[{events=EPOLLIN, data={u32=2147483648, u64=2147483648}}], 1024, 107) = 1
2549116 futex(0x7f5264cb9910, FUTEX_WAIT_BITSET|FUTEX_CLOCK_REALTIME, 2549119, NULL, FUTEX_BITSET_MATCH_ANY <unfinished ...>
2549119 <... close resumed>)            = 0
2549117 write(2, "\33[0m\33[38;5;8m[\33[0m2022-03-18T03:"..., 123 <unfinished ...>
2549119 close(9)                        = 0
2549117 <... write resumed>)            = 123
2549119 sigaltstack({ss_sp=NULL, ss_flags=SS_DISABLE, ss_size=8192},  <unfinished ...>
2549118 futex(0x55703b049db0, FUTEX_WAIT_PRIVATE, 2, NULL <unfinished ...>
2549119 <... sigaltstack resumed>NULL)  = 0
2549117 futex(0x55703b049db0, FUTEX_WAKE_PRIVATE, 1 <unfinished ...>
2549119 munmap(0x7f5265413000, 12288 <unfinished ...>
2549118 <... futex resumed>)            = -1 EAGAIN (Resource temporarily unavailable)
2549117 <... futex resumed>)            = 0
2549119 <... munmap resumed>)           = 0
2549118 write(2, "\33[0m\33[38;5;8m[\33[0m2022-03-18T03:"..., 123) = 123
2549119 rt_sigprocmask(SIG_BLOCK, ~[RT_1],  <unfinished ...>
2549117 write(13, "\1\0\0\0\0\0\0\0", 8 <unfinished ...>
2549119 <... rt_sigprocmask resumed>NULL, 8) = 0
2549118 futex(0x55703b049db0, FUTEX_WAKE_PRIVATE, 1 <unfinished ...>
2549119 madvise(0x7f5264ab9000, 2076672, MADV_DONTNEED <unfinished ...>
2549117 <... write resumed>)            = 8
2549118 <... futex resumed>)            = 0
2549119 <... madvise resumed>)          = 0
2549119 exit(0 <unfinished ...>
2549118 write(17, "\1\0\0\0\0\0\0\0", 8 <unfinished ...>
2549119 <... exit resumed>)             = ?
2549118 <... write resumed>)            = 8
2549116 <... futex resumed>)            = 0
2549119 +++ exited with 0 +++
2549118 epoll_wait(16,  <unfinished ...>
2549117 epoll_wait(12,  <unfinished ...>
2549118 <... epoll_wait resumed>[{events=EPOLLIN, data={u32=2147483648, u64=2147483648}}], 1024, -1) = 1
2549116 write(4, "\1\0\0\0\0\0\0\0", 8 <unfinished ...>
2549117 <... epoll_wait resumed>[{events=EPOLLIN, data={u32=2147483648, u64=2147483648}}], 1024, -1) = 1
2549116 <... write resumed>)            = 8
2549116 epoll_wait(3,  <unfinished ...>
2549118 write(4, "\1\0\0\0\0\0\0\0", 8 <unfinished ...>
2549116 <... epoll_wait resumed>[{events=EPOLLIN, data={u32=2147483648, u64=2147483648}}], 1024, 81) = 1
2549118 <... write resumed>)            = 8
2549117 close(12 <unfinished ...>
2549118 close(16 <unfinished ...>
2549117 <... close resumed>)            = 0
2549116 epoll_wait(3,  <unfinished ...>
2549118 <... close resumed>)            = 0
2549116 <... epoll_wait resumed>[{events=EPOLLIN, data={u32=2147483648, u64=2147483648}}], 1024, 81) = 1
2549117 close(14 <unfinished ...>
2549118 close(18 <unfinished ...>
2549117 <... close resumed>)            = 0
2549116 epoll_wait(3,  <unfinished ...>
2549118 <... close resumed>)            = 0
2549117 close(13 <unfinished ...>
2549118 close(17 <unfinished ...>
2549117 <... close resumed>)            = 0
2549118 <... close resumed>)            = 0
2549118 close(19 <unfinished ...>
2549117 close(15 <unfinished ...>
2549118 <... close resumed>)            = 0
2549117 <... close resumed>)            = 0
2549118 futex(0x7f5265456a08, FUTEX_WAIT_PRIVATE, 2, NULL <unfinished ...>
2549117 futex(0x7f5265456a08, FUTEX_WAKE_PRIVATE, 1 <unfinished ...>
2549118 <... futex resumed>)            = -1 EAGAIN (Resource temporarily unavailable)
2549117 <... futex resumed>)            = 0
2549118 futex(0x7f5265456a08, FUTEX_WAKE_PRIVATE, 1) = 0
2549117 sigaltstack({ss_sp=NULL, ss_flags=SS_DISABLE, ss_size=8192},  <unfinished ...>
2549118 sigaltstack({ss_sp=NULL, ss_flags=SS_DISABLE, ss_size=8192},  <unfinished ...>
2549117 <... sigaltstack resumed>NULL)  = 0
2549118 <... sigaltstack resumed>NULL)  = 0
2549117 munmap(0x7f5265419000, 12288 <unfinished ...>
2549118 munmap(0x7f5265416000, 12288 <unfinished ...>
2549117 <... munmap resumed>)           = 0
2549118 <... munmap resumed>)           = 0
2549118 rt_sigprocmask(SIG_BLOCK, ~[RT_1],  <unfinished ...>
2549117 rt_sigprocmask(SIG_BLOCK, ~[RT_1],  <unfinished ...>
2549118 <... rt_sigprocmask resumed>NULL, 8) = 0
2549117 <... rt_sigprocmask resumed>NULL, 8) = 0
2549118 madvise(0x7f5264cba000, 2076672, MADV_DONTNEED <unfinished ...>
2549117 madvise(0x7f5264ebb000, 2076672, MADV_DONTNEED <unfinished ...>
2549118 <... madvise resumed>)          = 0
2549117 <... madvise resumed>)          = 0
2549118 exit(0 <unfinished ...>
2549117 exit(0 <unfinished ...>
2549118 <... exit resumed>)             = ?
2549117 <... exit resumed>)             = ?
2549118 +++ exited with 0 +++
2549117 +++ exited with 0 +++
2549116 <... epoll_wait resumed>[], 1024, 81) = 0
2549116 epoll_wait(3, [], 1024, 192)    = 0
2549116 epoll_wait(3, [], 1024, 27)     = 0
2549116 write(4, "\1\0\0\0\0\0\0\0", 8) = 8
2549116 close(11)                       = 0
2549116 write(4, "\1\0\0\0\0\0\0\0", 8) = 8
2549116 close(3)                        = 0
2549116 close(5)                        = 0
2549116 close(4)                        = 0
2549116 close(8)                        = 0
2549116 sigaltstack({ss_sp=NULL, ss_flags=SS_DISABLE, ss_size=8192}, NULL) = 0
2549116 munmap(0x7f526541c000, 12288)   = 0
2549116 exit_group(0)                   = ?
2549116 +++ exited with 0 +++
