2549118 recvfrom(20, 0x7f5258019175, 7771, 0, NULL, NULL) = -1 EAGAIN (Resource temporarily unavailable)
2549118 openat(AT_FDCWD, "/dev/ttyUSB0", O_RDWR|O_NOCTTY|O_NONBLOCK) = 21
2549118 ioctl(21, TCGETS, {B115200 -opost -isig -icanon -echo ...}) = 0
2549118 ioctl(21, SNDCTL_TMR_START or TCSETS, {B115200 -opost -isig -icanon -echo ...}) = 0
2549118 ioctl(21, TCGETS, {B115200 -opost -isig -icanon -echo ...}) = 0
2549118 ioctl(21, TCFLSH, TCIOFLUSH)    = 0
2549118 fcntl(21, F_SETFL, O_RDONLY)    = 0
2549118 ioctl(21, TCGETS2, {B115200 -opost -isig -icanon -echo ...}) = 0
2549118 ioctl(21, TCSETS2, {0x1000 /* B??? */ -opost -isig -icanon -echo ...}) = 0
2549118 ioctl(21, TCFLSH, TCIFLUSH)     = 0
2549118 ioctl(21, TCFLSH, TCOFLUSH)     = 0
2549118 ppoll([{fd=21, events=POLLOUT}], 1, {tv_sec=0, tv_nsec=10000000}, [], 8) = 1 ([{fd=21, revents=POLLOUT}], left {tv_sec=0, tv_nsec=9997237})
2549118 write(21, "volume up\n", 10)    = 10
2549118 write(1, "wrote 10 bytes, message: \"volume"..., 39) = 39
2549118 clock_nanosleep(CLOCK_REALTIME, 0, {tv_sec=0, tv_nsec=10000000}, 0x7f5264ea9740) = 0
2549118 ppoll([{fd=21, events=POLLIN}], 1, {tv_sec=0, tv_nsec=10000000}, [], 8) = 0 (Timeout)
2549118 write(1, "issue reading from the serial de"..., 37) = 37
2549118 ioctl(21, TIOCNXCL)             = 0
2549118 close(21)                       = 0
2549118 write(2, "thread '", 8)         = 8
2549118 write(2, "actix-rt|system:0|arbiter:1", 27) = 27
2549118 write(2, "' panicked at '", 15) = 15
2549118 write(2, "called `Result::unwrap()` on an "..., 100) = 100
2549118 write(2, "', ", 3)              = 3
2549118 write(2, "src/volume.rs", 13)   = 13
2549118 write(2, ":", 1)                = 1
2549118 write(2, "5", 1)                = 1
2549118 write(2, ":", 1)                = 1
2549118 write(2, "84", 2)               = 2
2549118 write(2, "\n", 1)               = 1
2549118 epoll_ctl(18, EPOLL_CTL_DEL, 20, NULL) = 0
2549118 close(20)                       = 0
2549118 epoll_wait(16, [{events=EPOLLIN, data={u32=2147483648, u64=2147483648}}], 1024, 266) = 1
2549118 epoll_wait(16,  <unfinished ...>
2549119 <... epoll_wait resumed>[{events=EPOLLIN, data={u32=0, u64=0}}], 256, -1) = 1
2549119 accept4(9, {sa_family=AF_INET, sin_port=htons(56500), sin_addr=inet_addr("127.0.0.1")}, [128 => 16], SOCK_CLOEXEC|SOCK_NONBLOCK) = 20
2549119 write(13, "\1\0\0\0\0\0\0\0", 8) = 8
2549117 <... epoll_wait resumed>[{events=EPOLLIN, data={u32=2147483648, u64=2147483648}}], 1024, 285) = 1
2549119 accept4(9, 0x7f5264cb6da0, [128], SOCK_CLOEXEC|SOCK_NONBLOCK) = -1 EAGAIN (Resource temporarily unavailable)
2549119 epoll_wait(10,  <unfinished ...>
2549117 epoll_ctl(14, EPOLL_CTL_ADD, 20, {events=EPOLLIN|EPOLLOUT|EPOLLRDHUP|EPOLLET, data={u32=67108865, u64=67108865}}) = 0
2549117 getpeername(20, {sa_family=AF_INET, sin_port=htons(56500), sin_addr=inet_addr("127.0.0.1")}, [128 => 16]) = 0
2549117 epoll_wait(12, [{events=EPOLLIN|EPOLLOUT, data={u32=67108865, u64=67108865}}], 1024, 260) = 1
2549117 write(13, "\1\0\0\0\0\0\0\0", 8) = 8
2549117 recvfrom(20, "GET /volume/up HTTP/1.1\r\nHost: l"..., 8192, 0, NULL, NULL) = 421
2549117 recvfrom(20, 0x7f5260024845, 7771, 0, NULL, NULL) = -1 EAGAIN (Resource temporarily unavailable)
2549117 openat(AT_FDCWD, "/dev/ttyUSB0", O_RDWR|O_NOCTTY|O_NONBLOCK) = 21
2549117 ioctl(21, TCGETS, {B115200 -opost -isig -icanon -echo ...}) = 0
2549117 ioctl(21, SNDCTL_TMR_START or TCSETS, {B115200 -opost -isig -icanon -echo ...}) = 0
2549117 ioctl(21, TCGETS, {B115200 -opost -isig -icanon -echo ...}) = 0
2549117 ioctl(21, TCFLSH, TCIOFLUSH)    = 0
2549117 fcntl(21, F_SETFL, O_RDONLY)    = 0
2549117 ioctl(21, TCGETS2, {B115200 -opost -isig -icanon -echo ...}) = 0
2549117 ioctl(21, TCSETS2, {0x1000 /* B??? */ -opost -isig -icanon -echo ...}) = 0
2549117 ioctl(21, TCFLSH, TCIFLUSH)     = 0
2549117 ioctl(21, TCFLSH, TCOFLUSH)     = 0
2549117 ppoll([{fd=21, events=POLLOUT}], 1, {tv_sec=0, tv_nsec=10000000}, [], 8) = 1 ([{fd=21, revents=POLLOUT}], left {tv_sec=0, tv_nsec=9997413})
2549117 write(21, "volume up\n", 10)    = 10
2549117 write(1, "wrote 10 bytes, message: \"volume"..., 39) = 39
2549117 clock_nanosleep(CLOCK_REALTIME, 0, {tv_sec=0, tv_nsec=10000000}, 0x7f52650aa740) = 0
2549117 ppoll([{fd=21, events=POLLIN}], 1, {tv_sec=0, tv_nsec=10000000}, [], 8) = 0 (Timeout)
2549117 write(1, "issue reading from the serial de"..., 37) = 37
2549117 ioctl(21, TIOCNXCL)             = 0
2549117 close(21)                       = 0
2549117 write(2, "thread '", 8)         = 8
2549117 write(2, "actix-rt|system:0|arbiter:0", 27) = 27
2549117 write(2, "' panicked at '", 15) = 15
2549117 write(2, "called `Result::unwrap()` on an "..., 100) = 100
2549117 write(2, "', ", 3)              = 3
2549117 write(2, "src/volume.rs", 13)   = 13
2549117 write(2, ":", 1)                = 1
2549117 write(2, "5", 1)                = 1
2549117 write(2, ":", 1)                = 1
2549117 write(2, "84", 2)               = 2
2549117 write(2, "\n", 1)               = 1
2549117 epoll_ctl(14, EPOLL_CTL_DEL, 20, NULL) = 0
2549117 close(20)                       = 0
2549117 epoll_wait(12, [{events=EPOLLIN, data={u32=2147483648, u64=2147483648}}], 1024, 236) = 1
2549117 epoll_wait(12,  <unfinished ...>
2549119 <... epoll_wait resumed>[{events=EPOLLIN, data={u32=0, u64=0}}], 256, -1) = 1
2549119 accept4(9, {sa_family=AF_INET, sin_port=htons(56502), sin_addr=inet_addr("127.0.0.1")}, [128 => 16], SOCK_CLOEXEC|SOCK_NONBLOCK) = 20
2549119 write(17, "\1\0\0\0\0\0\0\0", 8) = 8
2549118 <... epoll_wait resumed>[{events=EPOLLIN, data={u32=2147483648, u64=2147483648}}], 1024, 265) = 1
2549119 accept4(9, 0x7f5264cb6da0, [128], SOCK_CLOEXEC|SOCK_NONBLOCK) = -1 EAGAIN (Resource temporarily unavailable)
2549119 epoll_wait(10,  <unfinished ...>
2549118 epoll_ctl(18, EPOLL_CTL_ADD, 20, {events=EPOLLIN|EPOLLOUT|EPOLLRDHUP|EPOLLET, data={u32=67108865, u64=67108865}}) = 0
2549118 getpeername(20, {sa_family=AF_INET, sin_port=htons(56502), sin_addr=inet_addr("127.0.0.1")}, [128 => 16]) = 0
2549118 epoll_wait(16, [{events=EPOLLIN|EPOLLOUT, data={u32=67108865, u64=67108865}}], 1024, 241) = 1
2549118 write(17, "\1\0\0\0\0\0\0\0", 8) = 8
2549118 recvfrom(20, "GET /volume/up HTTP/1.1\r\nHost: l"..., 8192, 0, NULL, NULL) = 421
2549118 recvfrom(20, 0x7f525801b185, 7771, 0, NULL, NULL) = -1 EAGAIN (Resource temporarily unavailable)
2549118 openat(AT_FDCWD, "/dev/ttyUSB0", O_RDWR|O_NOCTTY|O_NONBLOCK) = 21
2549118 ioctl(21, TCGETS, {B115200 -opost -isig -icanon -echo ...}) = 0
2549118 ioctl(21, SNDCTL_TMR_START or TCSETS, {B115200 -opost -isig -icanon -echo ...}) = 0
2549118 ioctl(21, TCGETS, {B115200 -opost -isig -icanon -echo ...}) = 0
2549118 ioctl(21, TCFLSH, TCIOFLUSH)    = 0
2549118 fcntl(21, F_SETFL, O_RDONLY)    = 0
2549118 ioctl(21, TCGETS2, {B115200 -opost -isig -icanon -echo ...}) = 0
2549118 ioctl(21, TCSETS2, {0x1000 /* B??? */ -opost -isig -icanon -echo ...}) = 0
2549118 ioctl(21, TCFLSH, TCIFLUSH)     = 0
2549118 ioctl(21, TCFLSH, TCOFLUSH)     = 0
2549118 ppoll([{fd=21, events=POLLOUT}], 1, {tv_sec=0, tv_nsec=10000000}, [], 8) = 1 ([{fd=21, revents=POLLOUT}], left {tv_sec=0, tv_nsec=9997231})
2549118 write(21, "volume up\n", 10)    = 10
2549118 write(1, "wrote 10 bytes, message: \"volume"..., 39) = 39
2549118 clock_nanosleep(CLOCK_REALTIME, 0, {tv_sec=0, tv_nsec=10000000}, 0x7f5264ea9740) = 0
2549118 ppoll([{fd=21, events=POLLIN}], 1, {tv_sec=0, tv_nsec=10000000}, [], 8) = 0 (Timeout)
2549118 write(1, "issue reading from the serial de"..., 37) = 37
2549118 ioctl(21, TIOCNXCL)             = 0
2549118 close(21)                       = 0
2549118 write(2, "thread '", 8)         = 8
2549118 write(2, "actix-rt|system:0|arbiter:1", 27) = 27
2549118 write(2, "' panicked at '", 15) = 15
2549118 write(2, "called `Result::unwrap()` on an "..., 100) = 100
2549118 write(2, "', ", 3)              = 3
2549118 write(2, "src/volume.rs", 13)   = 13
2549118 write(2, ":", 1)                = 1
2549118 write(2, "5", 1)                = 1
2549118 write(2, ":", 1)                = 1
2549118 write(2, "84", 2)               = 2
2549118 write(2, "\n", 1)               = 1
2549118 epoll_ctl(18, EPOLL_CTL_DEL, 20, NULL) = 0
2549118 close(20)                       = 0
2549118 epoll_wait(16, [{events=EPOLLIN, data={u32=2147483648, u64=2147483648}}], 1024, 218) = 1
2549118 epoll_wait(16,  <unfinished ...>
2549117 <... epoll_wait resumed>[], 1024, 236) = 0
2549117 epoll_wait(12,  <unfinished ...>
2549118 <... epoll_wait resumed>[], 1024, 217) = 0
2549118 epoll_wait(16,  <unfinished ...>
2549117 <... epoll_wait resumed>[], 1024, 24) = 0
2549117 write(13, "\1\0\0\0\0\0\0\0", 8) = 8
2549117 write(13, "\1\0\0\0\0\0\0\0", 8) = 8
2549117 epoll_wait(12, [{events=EPOLLIN, data={u32=2147483648, u64=2147483648}}], 1024, 487) = 1
2549117 epoll_wait(12,  <unfinished ...>
2549118 <... epoll_wait resumed>[], 1024, 24) = 0
2549118 write(17, "\1\0\0\0\0\0\0\0", 8) = 8
2549118 write(17, "\1\0\0\0\0\0\0\0", 8) = 8
2549118 epoll_wait(16, [{events=EPOLLIN, data={u32=2147483648, u64=2147483648}}], 1024, 487) = 1
2549118 epoll_wait(16,  <unfinished ...>
2549117 <... epoll_wait resumed>[], 1024, 487) = 0
2549117 epoll_wait(12,  <unfinished ...>
2549118 <... epoll_wait resumed>[], 1024, 487) = 0
2549118 epoll_wait(16,  <unfinished ...>
2549117 <... epoll_wait resumed>[], 1024, 11) = 0
2549117 write(13, "\1\0\0\0\0\0\0\0", 8) = 8
2549117 write(13, "\1\0\0\0\0\0\0\0", 8) = 8
2549117 epoll_wait(12, [{events=EPOLLIN, data={u32=2147483648, u64=2147483648}}], 1024, 499) = 1
2549117 epoll_wait(12,  <unfinished ...>
2549118 <... epoll_wait resumed>[], 1024, 11) = 0
2549118 write(17, "\1\0\0\0\0\0\0\0", 8) = 8
2549118 write(17, "\1\0\0\0\0\0\0\0", 8) = 8
2549118 epoll_wait(16, [{events=EPOLLIN, data={u32=2147483648, u64=2147483648}}], 1024, 499) = 1
2549118 epoll_wait(16,  <unfinished ...>
2549117 <... epoll_wait resumed>[], 1024, 499) = 0
2549117 write(13, "\1\0\0\0\0\0\0\0", 8) = 8
2549117 write(13, "\1\0\0\0\0\0\0\0", 8) = 8
2549117 epoll_wait(12, [{events=EPOLLIN, data={u32=2147483648, u64=2147483648}}], 1024, 447) = 1
2549117 epoll_wait(12,  <unfinished ...>
2549118 <... epoll_wait resumed>[], 1024, 499) = 0
2549118 write(17, "\1\0\0\0\0\0\0\0", 8) = 8
2549118 write(17, "\1\0\0\0\0\0\0\0", 8) = 8
2549118 epoll_wait(16, [{events=EPOLLIN, data={u32=2147483648, u64=2147483648}}], 1024, 447) = 1
2549118 epoll_wait(16,  <unfinished ...>
2549117 <... epoll_wait resumed>[], 1024, 447) = 0
2549117 epoll_wait(12,  <unfinished ...>
2549118 <... epoll_wait resumed>[], 1024, 447) = 0
2549118 epoll_wait(16,  <unfinished ...>
2549117 <... epoll_wait resumed>[], 1024, 52) = 0
2549117 write(13, "\1\0\0\0\0\0\0\0", 8) = 8
2549117 write(13, "\1\0\0\0\0\0\0\0", 8) = 8
2549117 epoll_wait(12, [{events=EPOLLIN, data={u32=2147483648, u64=2147483648}}], 1024, 459) = 1
2549117 epoll_wait(12,  <unfinished ...>
2549118 <... epoll_wait resumed>[], 1024, 52) = 0
2549118 write(17, "\1\0\0\0\0\0\0\0", 8) = 8
2549118 write(17, "\1\0\0\0\0\0\0\0", 8) = 8
2549118 epoll_wait(16, [{events=EPOLLIN, data={u32=2147483648, u64=2147483648}}], 1024, 459) = 1
2549118 epoll_wait(16,  <unfinished ...>
2549117 <... epoll_wait resumed>[], 1024, 459) = 0
2549117 epoll_wait(12,  <unfinished ...>
2549118 <... epoll_wait resumed>[], 1024, 459) = 0
2549118 epoll_wait(16,  <unfinished ...>
2549117 <... epoll_wait resumed>[], 1024, 40) = 0
2549117 write(13, "\1\0\0\0\0\0\0\0", 8) = 8
2549117 write(13, "\1\0\0\0\0\0\0\0", 8) = 8
2549117 epoll_wait(12, [{events=EPOLLIN, data={u32=2147483648, u64=2147483648}}], 1024, 471) = 1
2549117 epoll_wait(12,  <unfinished ...>
2549118 <... epoll_wait resumed>[], 1024, 39) = 0
2549118 write(17, "\1\0\0\0\0\0\0\0", 8) = 8
2549118 write(17, "\1\0\0\0\0\0\0\0", 8) = 8
2549118 epoll_wait(16, [{events=EPOLLIN, data={u32=2147483648, u64=2147483648}}], 1024, 472) = 1
2549118 epoll_wait(16,  <unfinished ...>
2549117 <... epoll_wait resumed>[], 1024, 471) = 0
2549117 epoll_wait(12,  <unfinished ...>
2549118 <... epoll_wait resumed>[], 1024, 472) = 0
2549118 epoll_wait(16,  <unfinished ...>
2549117 <... epoll_wait resumed>[], 1024, 28) = 0
2549117 write(13, "\1\0\0\0\0\0\0\0", 8) = 8
2549117 write(13, "\1\0\0\0\0\0\0\0", 8) = 8
2549117 epoll_wait(12, [{events=EPOLLIN, data={u32=2147483648, u64=2147483648}}], 1024, 483) = 1
2549117 epoll_wait(12,  <unfinished ...>
2549118 <... epoll_wait resumed>[], 1024, 27) = 0
2549118 write(17, "\1\0\0\0\0\0\0\0", 8) = 8
2549118 write(17, "\1\0\0\0\0\0\0\0", 8) = 8
2549118 epoll_wait(16, [{events=EPOLLIN, data={u32=2147483648, u64=2147483648}}], 1024, 484) = 1
2549118 epoll_wait(16,  <unfinished ...>
2549117 <... epoll_wait resumed>[], 1024, 483) = 0
2549117 epoll_wait(12,  <unfinished ...>
2549118 <... epoll_wait resumed>[], 1024, 484) = 0
2549118 epoll_wait(16,  <unfinished ...>
2549117 <... epoll_wait resumed>[], 1024, 16) = 0
2549117 write(13, "\1\0\0\0\0\0\0\0", 8) = 8
2549117 write(13, "\1\0\0\0\0\0\0\0", 8) = 8
2549117 epoll_wait(12, [{events=EPOLLIN, data={u32=2147483648, u64=2147483648}}], 1024, 495) = 1
2549117 epoll_wait(12,  <unfinished ...>
2549118 <... epoll_wait resumed>[], 1024, 15) = 0
2549118 write(17, "\1\0\0\0\0\0\0\0", 8) = 8
2549118 write(17, "\1\0\0\0\0\0\0\0", 8) = 8
2549118 epoll_wait(16, [{events=EPOLLIN, data={u32=2147483648, u64=2147483648}}], 1024, 495) = 1
2549118 epoll_wait(16,  <unfinished ...>
2549117 <... epoll_wait resumed>[], 1024, 495) = 0
2549117 epoll_wait(12, [], 1024, 3)     = 0
2549117 write(13, "\1\0\0\0\0\0\0\0", 8) = 8
2549117 write(13, "\1\0\0\0\0\0\0\0", 8) = 8
2549117 epoll_wait(12, [{events=EPOLLIN, data={u32=2147483648, u64=2147483648}}], 1024, 188) = 1
2549117 epoll_wait(12,  <unfinished ...>
2549118 <... epoll_wait resumed>[], 1024, 495) = 0
2549118 epoll_wait(16, [], 1024, 4)     = 0
2549118 write(17, "\1\0\0\0\0\0\0\0", 8) = 8
2549118 write(17, "\1\0\0\0\0\0\0\0", 8) = 8
2549118 epoll_wait(16, [{events=EPOLLIN, data={u32=2147483648, u64=2147483648}}], 1024, 187) = 1
2549118 epoll_wait(16,  <unfinished ...>
2549117 <... epoll_wait resumed>[], 1024, 187) = 0
2549117 epoll_wait(12,  <unfinished ...>
2549118 <... epoll_wait resumed>[], 1024, 187) = 0
2549118 epoll_wait(16,  <unfinished ...>
2549117 <... epoll_wait resumed>[], 1024, 256) = 0
2549117 epoll_wait(12,  <unfinished ...>
2549118 <... epoll_wait resumed>[], 1024, 256) = 0
2549118 epoll_wait(16,  <unfinished ...>
2549117 <... epoll_wait resumed>[], 1024, 56) = 0
2549117 write(13, "\1\0\0\0\0\0\0\0", 8) = 8
2549117 write(13, "\1\0\0\0\0\0\0\0", 8) = 8
2549117 epoll_wait(12, [{events=EPOLLIN, data={u32=2147483648, u64=2147483648}}], 1024, 455) = 1
2549117 epoll_wait(12,  <unfinished ...>
2549118 <... epoll_wait resumed>[], 1024, 56) = 0
2549118 write(17, "\1\0\0\0\0\0\0\0", 8) = 8
2549118 write(17, "\1\0\0\0\0\0\0\0", 8) = 8
2549118 epoll_wait(16, [{events=EPOLLIN, data={u32=2147483648, u64=2147483648}}], 1024, 455) = 1
2549118 epoll_wait(16,  <unfinished ...>
2549117 <... epoll_wait resumed>[], 1024, 455) = 0
2549117 epoll_wait(12,  <unfinished ...>
2549118 <... epoll_wait resumed>[], 1024, 455) = 0
2549118 epoll_wait(16,  <unfinished ...>
2549117 <... epoll_wait resumed>[], 1024, 43) = 0
2549117 write(13, "\1\0\0\0\0\0\0\0", 8) = 8
2549117 write(13, "\1\0\0\0\0\0\0\0", 8) = 8
2549117 epoll_wait(12, [{events=EPOLLIN, data={u32=2147483648, u64=2147483648}}], 1024, 468) = 1
2549117 epoll_wait(12,  <unfinished ...>
2549118 <... epoll_wait resumed>[], 1024, 43) = 0
2549118 write(17, "\1\0\0\0\0\0\0\0", 8) = 8
2549118 write(17, "\1\0\0\0\0\0\0\0", 8) = 8
2549118 epoll_wait(16, [{events=EPOLLIN, data={u32=2147483648, u64=2147483648}}], 1024, 468) = 1
2549118 epoll_wait(16,  <unfinished ...>
2549117 <... epoll_wait resumed>[], 1024, 468) = 0
2549117 epoll_wait(12,  <unfinished ...>
2549118 <... epoll_wait resumed>[], 1024, 468) = 0
2549118 epoll_wait(16,  <unfinished ...>
2549117 <... epoll_wait resumed>[], 1024, 31) = 0
2549117 write(13, "\1\0\0\0\0\0\0\0", 8) = 8
2549117 write(13, "\1\0\0\0\0\0\0\0", 8) = 8
2549117 epoll_wait(12, [{events=EPOLLIN, data={u32=2147483648, u64=2147483648}}], 1024, 480) = 1
2549117 epoll_wait(12,  <unfinished ...>
2549118 <... epoll_wait resumed>[], 1024, 32) = 0
2549118 write(17, "\1\0\0\0\0\0\0\0", 8) = 8
2549118 write(17, "\1\0\0\0\0\0\0\0", 8) = 8
2549118 epoll_wait(16, [{events=EPOLLIN, data={u32=2147483648, u64=2147483648}}], 1024, 480) = 1
2549118 epoll_wait(16,  <unfinished ...>
2549117 <... epoll_wait resumed>[], 1024, 480) = 0
2549117 epoll_wait(12,  <unfinished ...>
2549118 <... epoll_wait resumed>[], 1024, 480) = 0
2549118 epoll_wait(16,  <unfinished ...>
2549117 <... epoll_wait resumed>[], 1024, 19) = 0
2549117 write(13, "\1\0\0\0\0\0\0\0", 8) = 8
2549117 write(13, "\1\0\0\0\0\0\0\0", 8) = 8
2549117 epoll_wait(12, [{events=EPOLLIN, data={u32=2147483648, u64=2147483648}}], 1024, 492) = 1
2549117 epoll_wait(12,  <unfinished ...>
2549118 <... epoll_wait resumed>[], 1024, 19) = 0
2549118 write(17, "\1\0\0\0\0\0\0\0", 8) = 8
2549118 write(17, "\1\0\0\0\0\0\0\0", 8) = 8
2549118 epoll_wait(16, [{events=EPOLLIN, data={u32=2147483648, u64=2147483648}}], 1024, 492) = 1
2549118 epoll_wait(16,  <unfinished ...>
2549117 <... epoll_wait resumed>[], 1024, 492) = 0
2549117 epoll_wait(12,  <unfinished ...>
2549118 <... epoll_wait resumed>[], 1024, 491) = 0
2549118 epoll_wait(16,  <unfinished ...>
2549117 <... epoll_wait resumed>[], 1024, 7) = 0
2549117 write(13, "\1\0\0\0\0\0\0\0", 8) = 8
2549117 write(13, "\1\0\0\0\0\0\0\0", 8) = 8
2549117 epoll_wait(12, [{events=EPOLLIN, data={u32=2147483648, u64=2147483648}}], 1024, 440) = 1
2549117 epoll_wait(12,  <unfinished ...>
2549118 <... epoll_wait resumed>[], 1024, 8) = 0
2549118 write(17, "\1\0\0\0\0\0\0\0", 8) = 8
2549118 write(17, "\1\0\0\0\0\0\0\0", 8) = 8
2549118 epoll_wait(16, [{events=EPOLLIN, data={u32=2147483648, u64=2147483648}}], 1024, 439) = 1
2549118 epoll_wait(16,  <unfinished ...>
2549117 <... epoll_wait resumed>[], 1024, 440) = 0
2549117 epoll_wait(12,  <unfinished ...>
2549118 <... epoll_wait resumed>[], 1024, 439) = 0
2549118 epoll_wait(16,  <unfinished ...>
2549117 <... epoll_wait resumed>[], 1024, 59) = 0
2549117 write(13, "\1\0\0\0\0\0\0\0", 8) = 8
2549117 write(13, "\1\0\0\0\0\0\0\0", 8) = 8
2549117 epoll_wait(12, [{events=EPOLLIN, data={u32=2147483648, u64=2147483648}}], 1024, 452) = 1
2549117 epoll_wait(12,  <unfinished ...>
2549118 <... epoll_wait resumed>[], 1024, 60) = 0
2549118 write(17, "\1\0\0\0\0\0\0\0", 8) = 8
2549118 write(17, "\1\0\0\0\0\0\0\0", 8) = 8
2549118 epoll_wait(16, [{events=EPOLLIN, data={u32=2147483648, u64=2147483648}}], 1024, 451) = 1
2549118 epoll_wait(16,  <unfinished ...>
2549117 <... epoll_wait resumed>[], 1024, 452) = 0
2549117 epoll_wait(12,  <unfinished ...>
2549118 <... epoll_wait resumed>[], 1024, 451) = 0
2549118 epoll_wait(16,  <unfinished ...>
2549117 <... epoll_wait resumed>[], 1024, 47) = 0
2549117 write(13, "\1\0\0\0\0\0\0\0", 8) = 8
2549117 write(13, "\1\0\0\0\0\0\0\0", 8) = 8
2549117 epoll_wait(12, [{events=EPOLLIN, data={u32=2147483648, u64=2147483648}}], 1024, 464) = 1
2549117 epoll_wait(12,  <unfinished ...>
2549118 <... epoll_wait resumed>[], 1024, 48) = 0
2549118 write(17, "\1\0\0\0\0\0\0\0", 8) = 8
2549118 write(17, "\1\0\0\0\0\0\0\0", 8) = 8
2549118 epoll_wait(16, [{events=EPOLLIN, data={u32=2147483648, u64=2147483648}}], 1024, 464) = 1
2549118 epoll_wait(16,  <unfinished ...>
2549117 <... epoll_wait resumed>[], 1024, 464) = 0
2549117 epoll_wait(12,  <unfinished ...>
2549118 <... epoll_wait resumed>[], 1024, 463) = 0
2549118 epoll_wait(16,  <unfinished ...>
2549117 <... epoll_wait resumed>[], 1024, 35) = 0
2549117 write(13, "\1\0\0\0\0\0\0\0", 8) = 8
2549117 write(13, "\1\0\0\0\0\0\0\0", 8) = 8
2549117 epoll_wait(12, [{events=EPOLLIN, data={u32=2147483648, u64=2147483648}}], 1024, 284) = 1
2549117 epoll_wait(12,  <unfinished ...>
2549118 <... epoll_wait resumed>[], 1024, 36) = 0
2549118 write(17, "\1\0\0\0\0\0\0\0", 8) = 8
2549118 write(17, "\1\0\0\0\0\0\0\0", 8) = 8
2549118 epoll_wait(16, [{events=EPOLLIN, data={u32=2147483648, u64=2147483648}}], 1024, 284) = 1
2549118 epoll_wait(16,  <unfinished ...>
2549117 <... epoll_wait resumed>[], 1024, 283) = 0
2549117 epoll_wait(12,  <unfinished ...>
2549118 <... epoll_wait resumed>[], 1024, 284) = 0
2549118 epoll_wait(16,  <unfinished ...>
2549117 <... epoll_wait resumed>[], 1024, 192) = 0
2549117 epoll_wait(12,  <unfinished ...>
2549118 <... epoll_wait resumed>[], 1024, 191) = 0
2549118 epoll_wait(16,  <unfinished ...>
2549117 <... epoll_wait resumed>[], 1024, 24) = 0
2549117 write(13, "\1\0\0\0\0\0\0\0", 8) = 8
2549117 write(13, "\1\0\0\0\0\0\0\0", 8) = 8
2549117 epoll_wait(12, [{events=EPOLLIN, data={u32=2147483648, u64=2147483648}}], 1024, 487) = 1
2549117 epoll_wait(12,  <unfinished ...>
2549118 <... epoll_wait resumed>[], 1024, 24) = 0
2549118 write(17, "\1\0\0\0\0\0\0\0", 8) = 8
2549118 write(17, "\1\0\0\0\0\0\0\0", 8) = 8
2549118 epoll_wait(16, [{events=EPOLLIN, data={u32=2147483648, u64=2147483648}}], 1024, 488) = 1
2549118 epoll_wait(16,  <unfinished ...>
2549117 <... epoll_wait resumed>[], 1024, 487) = 0
2549117 epoll_wait(12,  <unfinished ...>
2549118 <... epoll_wait resumed>[], 1024, 488) = 0
2549118 epoll_wait(16,  <unfinished ...>
2549117 <... epoll_wait resumed>[], 1024, 12) = 0
2549117 write(13, "\1\0\0\0\0\0\0\0", 8) = 8
2549117 write(13, "\1\0\0\0\0\0\0\0", 8) = 8
2549117 epoll_wait(12, [{events=EPOLLIN, data={u32=2147483648, u64=2147483648}}], 1024, 499) = 1
2549117 epoll_wait(12,  <unfinished ...>
2549118 <... epoll_wait resumed>[], 1024, 11) = 0
2549118 write(17, "\1\0\0\0\0\0\0\0", 8) = 8
2549118 write(17, "\1\0\0\0\0\0\0\0", 8) = 8
2549118 epoll_wait(16, [{events=EPOLLIN, data={u32=2147483648, u64=2147483648}}], 1024, 500) = 1
2549118 epoll_wait(16,  <unfinished ...>
2549117 <... epoll_wait resumed>[], 1024, 499) = 0
2549117 write(13, "\1\0\0\0\0\0\0\0", 8) = 8
2549117 write(13, "\1\0\0\0\0\0\0\0", 8) = 8
2549117 epoll_wait(12, [{events=EPOLLIN, data={u32=2147483648, u64=2147483648}}], 1024, 447) = 1
2549117 epoll_wait(12,  <unfinished ...>
2549118 <... epoll_wait resumed>[], 1024, 500) = 0
2549118 write(17, "\1\0\0\0\0\0\0\0", 8) = 8
2549118 write(17, "\1\0\0\0\0\0\0\0", 8) = 8
2549118 epoll_wait(16, [{events=EPOLLIN, data={u32=2147483648, u64=2147483648}}], 1024, 447) = 1
2549118 epoll_wait(16,  <unfinished ...>
2549117 <... epoll_wait resumed>[], 1024, 447) = 0
2549117 epoll_wait(12,  <unfinished ...>
2549118 <... epoll_wait resumed>[], 1024, 447) = 0
2549118 epoll_wait(16,  <unfinished ...>
2549117 <... epoll_wait resumed>[], 1024, 51) = 0
2549117 write(13, "\1\0\0\0\0\0\0\0", 8) = 8
2549117 write(13, "\1\0\0\0\0\0\0\0", 8) = 8
2549117 epoll_wait(12, [{events=EPOLLIN, data={u32=2147483648, u64=2147483648}}], 1024, 460) = 1
2549117 epoll_wait(12,  <unfinished ...>
2549118 <... epoll_wait resumed>[], 1024, 52) = 0
2549118 write(17, "\1\0\0\0\0\0\0\0", 8) = 8
2549118 write(17, "\1\0\0\0\0\0\0\0", 8) = 8
2549118 epoll_wait(16, [{events=EPOLLIN, data={u32=2147483648, u64=2147483648}}], 1024, 459) = 1
2549118 epoll_wait(16,  <unfinished ...>
2549117 <... epoll_wait resumed>[], 1024, 460) = 0
2549117 epoll_wait(12,  <unfinished ...>
2549118 <... epoll_wait resumed>[], 1024, 459) = 0
2549118 epoll_wait(16,  <unfinished ...>
2549117 <... epoll_wait resumed>[], 1024, 39) = 0
2549117 write(13, "\1\0\0\0\0\0\0\0", 8) = 8
2549117 write(13, "\1\0\0\0\0\0\0\0", 8) = 8
2549117 epoll_wait(12, [{events=EPOLLIN, data={u32=2147483648, u64=2147483648}}], 1024, 472) = 1
2549117 epoll_wait(12,  <unfinished ...>
2549118 <... epoll_wait resumed>[], 1024, 40) = 0
2549118 write(17, "\1\0\0\0\0\0\0\0", 8) = 8
2549118 write(17, "\1\0\0\0\0\0\0\0", 8) = 8
2549118 epoll_wait(16, [{events=EPOLLIN, data={u32=2147483648, u64=2147483648}}], 1024, 471) = 1
2549118 epoll_wait(16,  <unfinished ...>
2549117 <... epoll_wait resumed>[], 1024, 472) = 0
2549117 epoll_wait(12,  <unfinished ...>
2549118 <... epoll_wait resumed>[], 1024, 471) = 0
2549118 epoll_wait(16,  <unfinished ...>
2549117 <... epoll_wait resumed>[], 1024, 27) = 0
2549117 write(13, "\1\0\0\0\0\0\0\0", 8) = 8
2549117 write(13, "\1\0\0\0\0\0\0\0", 8) = 8
2549117 epoll_wait(12, [{events=EPOLLIN, data={u32=2147483648, u64=2147483648}}], 1024, 483) = 1
2549117 epoll_wait(12,  <unfinished ...>
2549118 <... epoll_wait resumed>[], 1024, 28) = 0
2549118 write(17, "\1\0\0\0\0\0\0\0", 8) = 8
2549118 write(17, "\1\0\0\0\0\0\0\0", 8) = 8
2549118 epoll_wait(16, [{events=EPOLLIN, data={u32=2147483648, u64=2147483648}}], 1024, 483) = 1
2549118 epoll_wait(16,  <unfinished ...>
2549117 <... epoll_wait resumed>[], 1024, 483) = 0
2549117 epoll_wait(12,  <unfinished ...>
2549118 <... epoll_wait resumed>[], 1024, 483) = 0
2549118 epoll_wait(16,  <unfinished ...>
2549117 <... epoll_wait resumed>[], 1024, 15) = 0
2549117 write(13, "\1\0\0\0\0\0\0\0", 8) = 8
2549117 write(13, "\1\0\0\0\0\0\0\0", 8) = 8
2549117 epoll_wait(12, [{events=EPOLLIN, data={u32=2147483648, u64=2147483648}}], 1024, 496) = 1
2549117 epoll_wait(12,  <unfinished ...>
2549118 <... epoll_wait resumed>[], 1024, 16) = 0
2549118 write(17, "\1\0\0\0\0\0\0\0", 8) = 8
2549118 write(17, "\1\0\0\0\0\0\0\0", 8) = 8
2549118 epoll_wait(16, [{events=EPOLLIN, data={u32=2147483648, u64=2147483648}}], 1024, 495) = 1
2549118 epoll_wait(16,  <unfinished ...>
2549117 <... epoll_wait resumed>[], 1024, 496) = 0
2549117 epoll_wait(12, [], 1024, 3)     = 0
2549117 write(13, "\1\0\0\0\0\0\0\0", 8) = 8
2549117 write(13, "\1\0\0\0\0\0\0\0", 8) = 8
2549117 epoll_wait(12, [{events=EPOLLIN, data={u32=2147483648, u64=2147483648}}], 1024, 380) = 1
2549117 epoll_wait(12,  <unfinished ...>
2549118 <... epoll_wait resumed>[], 1024, 495) = 0
2549118 epoll_wait(16, [], 1024, 3)     = 0
2549118 write(17, "\1\0\0\0\0\0\0\0", 8) = 8
2549118 write(17, "\1\0\0\0\0\0\0\0", 8) = 8
2549118 epoll_wait(16, [{events=EPOLLIN, data={u32=2147483648, u64=2147483648}}], 1024, 380) = 1
2549118 epoll_wait(16,  <unfinished ...>
2549117 <... epoll_wait resumed>[], 1024, 380) = 0
2549117 epoll_wait(12,  <unfinished ...>
2549118 <... epoll_wait resumed>[], 1024, 380) = 0
2549118 epoll_wait(16,  <unfinished ...>
2549117 <... epoll_wait resumed>[], 1024, 63) = 0
2549117 epoll_wait(12,  <unfinished ...>
2549118 <... epoll_wait resumed>[], 1024, 63) = 0
2549118 epoll_wait(16,  <unfinished ...>
2549117 <... epoll_wait resumed>[], 1024, 56) = 0
2549117 write(13, "\1\0\0\0\0\0\0\0", 8) = 8
2549117 write(13, "\1\0\0\0\0\0\0\0", 8) = 8
2549117 epoll_wait(12, [{events=EPOLLIN, data={u32=2147483648, u64=2147483648}}], 1024, 455) = 1
2549117 epoll_wait(12,  <unfinished ...>
2549118 <... epoll_wait resumed>[], 1024, 56) = 0
2549118 write(17, "\1\0\0\0\0\0\0\0", 8) = 8
2549118 write(17, "\1\0\0\0\0\0\0\0", 8) = 8
2549118 epoll_wait(16, [{events=EPOLLIN, data={u32=2147483648, u64=2147483648}}], 1024, 455) = 1
2549118 epoll_wait(16,  <unfinished ...>
2549117 <... epoll_wait resumed>[], 1024, 455) = 0
2549117 epoll_wait(12,  <unfinished ...>
2549118 <... epoll_wait resumed>[], 1024, 455) = 0
2549118 epoll_wait(16,  <unfinished ...>
2549117 <... epoll_wait resumed>[], 1024, 44) = 0
2549117 write(13, "\1\0\0\0\0\0\0\0", 8) = 8
2549117 write(13, "\1\0\0\0\0\0\0\0", 8) = 8
2549117 epoll_wait(12, [{events=EPOLLIN, data={u32=2147483648, u64=2147483648}}], 1024, 467) = 1
2549117 epoll_wait(12,  <unfinished ...>
2549118 <... epoll_wait resumed>[], 1024, 44) = 0
2549118 write(17, "\1\0\0\0\0\0\0\0", 8) = 8
2549118 write(17, "\1\0\0\0\0\0\0\0", 8) = 8
2549118 epoll_wait(16, [{events=EPOLLIN, data={u32=2147483648, u64=2147483648}}], 1024, 467) = 1
2549118 epoll_wait(16,  <unfinished ...>
2549117 <... epoll_wait resumed>[], 1024, 467) = 0
2549117 epoll_wait(12,  <unfinished ...>
2549118 <... epoll_wait resumed>[], 1024, 467) = 0
2549118 epoll_wait(16,  <unfinished ...>
2549117 <... epoll_wait resumed>[], 1024, 32) = 0
2549117 write(13, "\1\0\0\0\0\0\0\0", 8) = 8
2549117 write(13, "\1\0\0\0\0\0\0\0", 8) = 8
2549117 epoll_wait(12, [{events=EPOLLIN, data={u32=2147483648, u64=2147483648}}], 1024, 479) = 1
2549117 epoll_wait(12,  <unfinished ...>
2549118 <... epoll_wait resumed>[], 1024, 32) = 0
2549118 write(17, "\1\0\0\0\0\0\0\0", 8) = 8
2549118 write(17, "\1\0\0\0\0\0\0\0", 8) = 8
2549118 epoll_wait(16, [{events=EPOLLIN, data={u32=2147483648, u64=2147483648}}], 1024, 479) = 1
2549118 epoll_wait(16,  <unfinished ...>
2549117 <... epoll_wait resumed>[], 1024, 479) = 0
2549117 epoll_wait(12,  <unfinished ...>
2549118 <... epoll_wait resumed>[], 1024, 479) = 0
2549118 epoll_wait(16,  <unfinished ...>
2549117 <... epoll_wait resumed>[], 1024, 19) = 0
2549117 write(13, "\1\0\0\0\0\0\0\0", 8) = 8
2549117 write(13, "\1\0\0\0\0\0\0\0", 8) = 8
2549117 epoll_wait(12, [{events=EPOLLIN, data={u32=2147483648, u64=2147483648}}], 1024, 492) = 1
2549117 epoll_wait(12,  <unfinished ...>
2549118 <... epoll_wait resumed>[], 1024, 20) = 0
2549118 write(17, "\1\0\0\0\0\0\0\0", 8) = 8
2549118 write(17, "\1\0\0\0\0\0\0\0", 8) = 8
2549118 epoll_wait(16, [{events=EPOLLIN, data={u32=2147483648, u64=2147483648}}], 1024, 491) = 1
2549118 epoll_wait(16,  <unfinished ...>
2549117 <... epoll_wait resumed>[], 1024, 492) = 0
2549117 epoll_wait(12,  <unfinished ...>
2549118 <... epoll_wait resumed>[], 1024, 491) = 0
2549118 epoll_wait(16,  <unfinished ...>
2549117 <... epoll_wait resumed>[], 1024, 7) = 0
2549117 write(13, "\1\0\0\0\0\0\0\0", 8) = 8
2549117 write(13, "\1\0\0\0\0\0\0\0", 8) = 8
2549117 epoll_wait(12, [{events=EPOLLIN, data={u32=2147483648, u64=2147483648}}], 1024, 440) = 1
2549117 epoll_wait(12,  <unfinished ...>
2549118 <... epoll_wait resumed>[], 1024, 7) = 0
2549118 write(17, "\1\0\0\0\0\0\0\0", 8) = 8
2549118 write(17, "\1\0\0\0\0\0\0\0", 8) = 8
2549118 epoll_wait(16, [{events=EPOLLIN, data={u32=2147483648, u64=2147483648}}], 1024, 440) = 1
2549118 epoll_wait(16,  <unfinished ...>
2549117 <... epoll_wait resumed>[], 1024, 439) = 0
2549117 epoll_wait(12,  <unfinished ...>
2549118 <... epoll_wait resumed>[], 1024, 440) = 0
2549118 epoll_wait(16,  <unfinished ...>
2549117 <... epoll_wait resumed>[], 1024, 60) = 0
2549117 write(13, "\1\0\0\0\0\0\0\0", 8) = 8
2549117 write(13, "\1\0\0\0\0\0\0\0", 8) = 8
2549117 epoll_wait(12, [{events=EPOLLIN, data={u32=2147483648, u64=2147483648}}], 1024, 451) = 1
2549117 epoll_wait(12,  <unfinished ...>
2549118 <... epoll_wait resumed>[], 1024, 60) = 0
2549118 write(17, "\1\0\0\0\0\0\0\0", 8) = 8
2549118 write(17, "\1\0\0\0\0\0\0\0", 8) = 8
2549118 epoll_wait(16, [{events=EPOLLIN, data={u32=2147483648, u64=2147483648}}], 1024, 451) = 1
2549118 epoll_wait(16,  <unfinished ...>
2549117 <... epoll_wait resumed>[], 1024, 451) = 0
2549117 epoll_wait(12,  <unfinished ...>
2549118 <... epoll_wait resumed>[], 1024, 451) = 0
2549118 epoll_wait(16,  <unfinished ...>
2549117 <... epoll_wait resumed>[], 1024, 48) = 0
2549117 write(13, "\1\0\0\0\0\0\0\0", 8) = 8
2549117 write(13, "\1\0\0\0\0\0\0\0", 8) = 8
2549117 epoll_wait(12, [{events=EPOLLIN, data={u32=2147483648, u64=2147483648}}], 1024, 463) = 1
2549117 epoll_wait(12,  <unfinished ...>
2549118 <... epoll_wait resumed>[], 1024, 47) = 0
2549118 write(17, "\1\0\0\0\0\0\0\0", 8) = 8
2549118 write(17, "\1\0\0\0\0\0\0\0", 8) = 8
2549118 epoll_wait(16, [{events=EPOLLIN, data={u32=2147483648, u64=2147483648}}], 1024, 464) = 1
2549118 epoll_wait(16,  <unfinished ...>
2549117 <... epoll_wait resumed>[], 1024, 463) = 0
2549117 epoll_wait(12,  <unfinished ...>
2549118 <... epoll_wait resumed>[], 1024, 464) = 0
2549118 epoll_wait(16,  <unfinished ...>
2549117 <... epoll_wait resumed>[], 1024, 35) = 0
2549117 write(13, "\1\0\0\0\0\0\0\0", 8) = 8
2549117 write(13, "\1\0\0\0\0\0\0\0", 8) = 8
2549117 epoll_wait(12, [{events=EPOLLIN, data={u32=2147483648, u64=2147483648}}], 1024, 476) = 1
2549117 epoll_wait(12,  <unfinished ...>
2549118 <... epoll_wait resumed>[], 1024, 35) = 0
2549118 write(17, "\1\0\0\0\0\0\0\0", 8) = 8
2549118 write(17, "\1\0\0\0\0\0\0\0", 8) = 8
2549118 epoll_wait(16, [{events=EPOLLIN, data={u32=2147483648, u64=2147483648}}], 1024, 475) = 1
2549118 epoll_wait(16,  <unfinished ...>
2549117 <... epoll_wait resumed>[], 1024, 476) = 0
2549117 epoll_wait(12,  <unfinished ...>
2549118 <... epoll_wait resumed>[], 1024, 475) = 0
2549118 epoll_wait(16,  <unfinished ...>
2549117 <... epoll_wait resumed>[], 1024, 23) = 0
2549117 write(13, "\1\0\0\0\0\0\0\0", 8) = 8
2549117 write(13, "\1\0\0\0\0\0\0\0", 8) = 8
2549117 epoll_wait(12, [{events=EPOLLIN, data={u32=2147483648, u64=2147483648}}], 1024, 487) = 1
2549117 epoll_wait(12,  <unfinished ...>
2549118 <... epoll_wait resumed>[], 1024, 24) = 0
2549118 write(17, "\1\0\0\0\0\0\0\0", 8) = 8
2549118 write(17, "\1\0\0\0\0\0\0\0", 8) = 8
2549118 epoll_wait(16, [{events=EPOLLIN, data={u32=2147483648, u64=2147483648}}], 1024, 487) = 1
2549118 epoll_wait(16,  <unfinished ...>
2549117 <... epoll_wait resumed>[], 1024, 487) = 0
2549117 epoll_wait(12,  <unfinished ...>
2549118 <... epoll_wait resumed>[], 1024, 487) = 0
2549118 epoll_wait(16,  <unfinished ...>
2549117 <... epoll_wait resumed>[], 1024, 12) = 0
2549117 write(13, "\1\0\0\0\0\0\0\0", 8) = 8
2549117 write(13, "\1\0\0\0\0\0\0\0", 8) = 8
2549117 epoll_wait(12, [{events=EPOLLIN, data={u32=2147483648, u64=2147483648}}], 1024, 499) = 1
2549117 epoll_wait(12,  <unfinished ...>
2549118 <... epoll_wait resumed>[], 1024, 12) = 0
2549118 write(17, "\1\0\0\0\0\0\0\0", 8) = 8
2549118 write(17, "\1\0\0\0\0\0\0\0", 8) = 8
2549118 epoll_wait(16, [{events=EPOLLIN, data={u32=2147483648, u64=2147483648}}], 1024, 499) = 1
2549118 epoll_wait(16,  <unfinished ...>
2549117 <... epoll_wait resumed>[], 1024, 499) = 0
2549117 write(13, "\1\0\0\0\0\0\0\0", 8) = 8
2549117 write(13, "\1\0\0\0\0\0\0\0", 8) = 8
2549117 epoll_wait(12, [{events=EPOLLIN, data={u32=2147483648, u64=2147483648}}], 1024, 447) = 1
2549117 epoll_wait(12,  <unfinished ...>
2549118 <... epoll_wait resumed>[], 1024, 499) = 0
2549118 write(17, "\1\0\0\0\0\0\0\0", 8) = 8
2549118 write(17, "\1\0\0\0\0\0\0\0", 8) = 8
2549118 epoll_wait(16, [{events=EPOLLIN, data={u32=2147483648, u64=2147483648}}], 1024, 447) = 1
2549118 epoll_wait(16,  <unfinished ...>
2549117 <... epoll_wait resumed>[], 1024, 447) = 0
2549117 epoll_wait(12,  <unfinished ...>
2549118 <... epoll_wait resumed>[], 1024, 447) = 0
2549118 epoll_wait(16,  <unfinished ...>
2549117 <... epoll_wait resumed>[], 1024, 52) = 0
2549117 write(13, "\1\0\0\0\0\0\0\0", 8) = 8
2549117 write(13, "\1\0\0\0\0\0\0\0", 8) = 8
2549117 epoll_wait(12, [{events=EPOLLIN, data={u32=2147483648, u64=2147483648}}], 1024, 459) = 1
2549117 epoll_wait(12,  <unfinished ...>
2549118 <... epoll_wait resumed>[], 1024, 52) = 0
2549118 write(17, "\1\0\0\0\0\0\0\0", 8) = 8
2549118 write(17, "\1\0\0\0\0\0\0\0", 8) = 8
2549118 epoll_wait(16, [{events=EPOLLIN, data={u32=2147483648, u64=2147483648}}], 1024, 459) = 1
2549118 epoll_wait(16,  <unfinished ...>
2549117 <... epoll_wait resumed>[], 1024, 459) = 0
2549117 epoll_wait(12,  <unfinished ...>
2549118 <... epoll_wait resumed>[], 1024, 459) = 0
2549118 epoll_wait(16,  <unfinished ...>
2549117 <... epoll_wait resumed>[], 1024, 39) = 0
2549117 write(13, "\1\0\0\0\0\0\0\0", 8) = 8
2549117 write(13, "\1\0\0\0\0\0\0\0", 8) = 8
2549117 epoll_wait(12, [{events=EPOLLIN, data={u32=2147483648, u64=2147483648}}], 1024, 472) = 1
2549117 epoll_wait(12,  <unfinished ...>
2549118 <... epoll_wait resumed>[], 1024, 39) = 0
2549118 write(17, "\1\0\0\0\0\0\0\0", 8) = 8
2549118 write(17, "\1\0\0\0\0\0\0\0", 8) = 8
2549118 epoll_wait(16, [{events=EPOLLIN, data={u32=2147483648, u64=2147483648}}], 1024, 471) = 1
2549118 epoll_wait(16,  <unfinished ...>
2549117 <... epoll_wait resumed>[], 1024, 472) = 0
2549117 epoll_wait(12,  <unfinished ...>
2549118 <... epoll_wait resumed>[], 1024, 471) = 0
2549118 epoll_wait(16,  <unfinished ...>
2549117 <... epoll_wait resumed>[], 1024, 27) = 0
2549117 write(13, "\1\0\0\0\0\0\0\0", 8) = 8
2549117 write(13, "\1\0\0\0\0\0\0\0", 8) = 8
2549117 epoll_wait(12, [{events=EPOLLIN, data={u32=2147483648, u64=2147483648}}], 1024, 484) = 1
2549117 epoll_wait(12,  <unfinished ...>
2549118 <... epoll_wait resumed>[], 1024, 28) = 0
2549118 write(17, "\1\0\0\0\0\0\0\0", 8) = 8
2549118 write(17, "\1\0\0\0\0\0\0\0", 8) = 8
2549118 epoll_wait(16, [{events=EPOLLIN, data={u32=2147483648, u64=2147483648}}], 1024, 483) = 1
2549118 epoll_wait(16,  <unfinished ...>
2549117 <... epoll_wait resumed>[], 1024, 483) = 0
2549117 epoll_wait(12,  <unfinished ...>
2549118 <... epoll_wait resumed>[], 1024, 483) = 0
2549118 epoll_wait(16,  <unfinished ...>
2549117 <... epoll_wait resumed>[], 1024, 16) = 0
2549117 write(13, "\1\0\0\0\0\0\0\0", 8) = 8
2549117 write(13, "\1\0\0\0\0\0\0\0", 8) = 8
2549117 epoll_wait(12, [{events=EPOLLIN, data={u32=2147483648, u64=2147483648}}], 1024, 495) = 1
2549117 epoll_wait(12,  <unfinished ...>
2549118 <... epoll_wait resumed>[], 1024, 15) = 0
2549118 write(17, "\1\0\0\0\0\0\0\0", 8) = 8
2549118 write(17, "\1\0\0\0\0\0\0\0", 8) = 8
2549118 epoll_wait(16, [{events=EPOLLIN, data={u32=2147483648, u64=2147483648}}], 1024, 496) = 1
2549118 epoll_wait(16,  <unfinished ...>
2549117 <... epoll_wait resumed>[], 1024, 495) = 0
2549117 epoll_wait(12, [], 1024, 3)     = 0
2549117 write(13, "\1\0\0\0\0\0\0\0", 8) = 8
2549117 write(13, "\1\0\0\0\0\0\0\0", 8) = 8
2549117 epoll_wait(12, [{events=EPOLLIN, data={u32=2147483648, u64=2147483648}}], 1024, 444) = 1
2549117 epoll_wait(12,  <unfinished ...>
2549118 <... epoll_wait resumed>[], 1024, 496) = 0
2549118 epoll_wait(16, [], 1024, 3)     = 0
2549118 write(17, "\1\0\0\0\0\0\0\0", 8) = 8
2549118 write(17, "\1\0\0\0\0\0\0\0", 8) = 8
2549118 epoll_wait(16, [{events=EPOLLIN, data={u32=2147483648, u64=2147483648}}], 1024, 444) = 1
2549118 epoll_wait(16,  <unfinished ...>
2549117 <... epoll_wait resumed>[], 1024, 444) = 0
2549117 epoll_wait(12,  <unfinished ...>
2549118 <... epoll_wait resumed>[], 1024, 444) = 0
2549118 epoll_wait(16,  <unfinished ...>
2549117 <... epoll_wait resumed>[], 1024, 55) = 0
2549117 write(13, "\1\0\0\0\0\0\0\0", 8) = 8
2549117 write(13, "\1\0\0\0\0\0\0\0", 8) = 8
2549117 epoll_wait(12, [{events=EPOLLIN, data={u32=2147483648, u64=2147483648}}], 1024, 72) = 1
2549117 epoll_wait(12,  <unfinished ...>
2549118 <... epoll_wait resumed>[], 1024, 55) = 0
2549118 write(17, "\1\0\0\0\0\0\0\0", 8) = 8
2549118 write(17, "\1\0\0\0\0\0\0\0", 8) = 8
2549118 epoll_wait(16, [{events=EPOLLIN, data={u32=2147483648, u64=2147483648}}], 1024, 71) = 1
2549118 epoll_wait(16,  <unfinished ...>
2549117 <... epoll_wait resumed>[], 1024, 72) = 0
2549117 epoll_wait(12,  <unfinished ...>
2549118 <... epoll_wait resumed>[], 1024, 71) = 0
2549118 epoll_wait(16,  <unfinished ...>
2549117 <... epoll_wait resumed>[], 1024, 383) = 0
2549117 epoll_wait(12,  <unfinished ...>
2549118 <... epoll_wait resumed>[], 1024, 383) = 0
2549118 epoll_wait(16,  <unfinished ...>
2549117 <... epoll_wait resumed>[], 1024, 43) = 0
2549117 write(13, "\1\0\0\0\0\0\0\0", 8) = 8
2549117 write(13, "\1\0\0\0\0\0\0\0", 8) = 8
2549117 epoll_wait(12, [{events=EPOLLIN, data={u32=2147483648, u64=2147483648}}], 1024, 468) = 1
2549117 epoll_wait(12,  <unfinished ...>
2549118 <... epoll_wait resumed>[], 1024, 44) = 0
2549118 write(17, "\1\0\0\0\0\0\0\0", 8) = 8
2549118 write(17, "\1\0\0\0\0\0\0\0", 8) = 8
2549118 epoll_wait(16, [{events=EPOLLIN, data={u32=2147483648, u64=2147483648}}], 1024, 467) = 1
2549118 epoll_wait(16,  <unfinished ...>
2549117 <... epoll_wait resumed>[], 1024, 468) = 0
2549117 epoll_wait(12,  <unfinished ...>
2549118 <... epoll_wait resumed>[], 1024, 467) = 0
2549118 epoll_wait(16,  <unfinished ...>
2549117 <... epoll_wait resumed>[], 1024, 31) = 0
2549117 write(13, "\1\0\0\0\0\0\0\0", 8) = 8
2549117 write(13, "\1\0\0\0\0\0\0\0", 8) = 8
2549117 epoll_wait(12, [{events=EPOLLIN, data={u32=2147483648, u64=2147483648}}], 1024, 480) = 1
2549117 epoll_wait(12,  <unfinished ...>
2549118 <... epoll_wait resumed>[], 1024, 31) = 0
2549118 write(17, "\1\0\0\0\0\0\0\0", 8) = 8
2549118 write(17, "\1\0\0\0\0\0\0\0", 8) = 8
2549118 epoll_wait(16, [{events=EPOLLIN, data={u32=2147483648, u64=2147483648}}], 1024, 480) = 1
2549118 epoll_wait(16,  <unfinished ...>
2549117 <... epoll_wait resumed>[], 1024, 480) = 0
2549117 epoll_wait(12,  <unfinished ...>
2549118 <... epoll_wait resumed>[], 1024, 480) = 0
2549118 epoll_wait(16,  <unfinished ...>
2549117 <... epoll_wait resumed>[], 1024, 19) = 0
2549117 write(13, "\1\0\0\0\0\0\0\0", 8) = 8
2549117 write(13, "\1\0\0\0\0\0\0\0", 8) = 8
2549117 epoll_wait(12, [{events=EPOLLIN, data={u32=2147483648, u64=2147483648}}], 1024, 492) = 1
2549117 epoll_wait(12,  <unfinished ...>
2549118 <... epoll_wait resumed>[], 1024, 20) = 0
2549118 write(17, "\1\0\0\0\0\0\0\0", 8) = 8
2549118 write(17, "\1\0\0\0\0\0\0\0", 8) = 8
2549118 epoll_wait(16, [{events=EPOLLIN, data={u32=2147483648, u64=2147483648}}], 1024, 491) = 1
2549118 epoll_wait(16,  <unfinished ...>
2549117 <... epoll_wait resumed>[], 1024, 491) = 0
2549117 epoll_wait(12,  <unfinished ...>
2549118 <... epoll_wait resumed>[], 1024, 491) = 0
2549118 epoll_wait(16,  <unfinished ...>
2549117 <... epoll_wait resumed>[], 1024, 8) = 0
2549117 write(13, "\1\0\0\0\0\0\0\0", 8) = 8
2549117 write(13, "\1\0\0\0\0\0\0\0", 8) = 8
2549117 epoll_wait(12, [{events=EPOLLIN, data={u32=2147483648, u64=2147483648}}], 1024, 439) = 1
2549117 epoll_wait(12,  <unfinished ...>
2549118 <... epoll_wait resumed>[], 1024, 7) = 0
2549118 write(17, "\1\0\0\0\0\0\0\0", 8) = 8
2549118 write(17, "\1\0\0\0\0\0\0\0", 8) = 8
2549118 epoll_wait(16, [{events=EPOLLIN, data={u32=2147483648, u64=2147483648}}], 1024, 440) = 1
2549118 epoll_wait(16,  <unfinished ...>
2549117 <... epoll_wait resumed>[], 1024, 439) = 0
2549117 epoll_wait(12,  <unfinished ...>
2549118 <... epoll_wait resumed>[], 1024, 439) = 0
2549118 epoll_wait(16,  <unfinished ...>
2549117 <... epoll_wait resumed>[], 1024, 60) = 0
2549117 write(13, "\1\0\0\0\0\0\0\0", 8) = 8
2549117 write(13, "\1\0\0\0\0\0\0\0", 8) = 8
2549117 epoll_wait(12, [{events=EPOLLIN, data={u32=2147483648, u64=2147483648}}], 1024, 451) = 1
2549117 epoll_wait(12,  <unfinished ...>
2549118 <... epoll_wait resumed>[], 1024, 60) = 0
2549118 write(17, "\1\0\0\0\0\0\0\0", 8) = 8
2549118 write(17, "\1\0\0\0\0\0\0\0", 8) = 8
2549118 epoll_wait(16, [{events=EPOLLIN, data={u32=2147483648, u64=2147483648}}], 1024, 451) = 1
2549118 epoll_wait(16,  <unfinished ...>
2549117 <... epoll_wait resumed>[], 1024, 451) = 0
2549117 epoll_wait(12,  <unfinished ...>
2549118 <... epoll_wait resumed>[], 1024, 451) = 0
2549118 epoll_wait(16,  <unfinished ...>
2549117 <... epoll_wait resumed>[], 1024, 48) = 0
2549117 write(13, "\1\0\0\0\0\0\0\0", 8) = 8
2549117 write(13, "\1\0\0\0\0\0\0\0", 8) = 8
2549117 epoll_wait(12, [{events=EPOLLIN, data={u32=2147483648, u64=2147483648}}], 1024, 463) = 1
2549117 epoll_wait(12,  <unfinished ...>
2549118 <... epoll_wait resumed>[], 1024, 48) = 0
2549118 write(17, "\1\0\0\0\0\0\0\0", 8) = 8
2549118 write(17, "\1\0\0\0\0\0\0\0", 8) = 8
2549118 epoll_wait(16, [{events=EPOLLIN, data={u32=2147483648, u64=2147483648}}], 1024, 463) = 1
2549118 epoll_wait(16,  <unfinished ...>
2549117 <... epoll_wait resumed>[], 1024, 463) = 0
2549117 epoll_wait(12,  <unfinished ...>
2549118 <... epoll_wait resumed>[], 1024, 463) = 0
2549118 epoll_wait(16,  <unfinished ...>
2549117 <... epoll_wait resumed>[], 1024, 35) = 0
2549117 write(13, "\1\0\0\0\0\0\0\0", 8) = 8
2549117 write(13, "\1\0\0\0\0\0\0\0", 8) = 8
2549117 epoll_wait(12, [{events=EPOLLIN, data={u32=2147483648, u64=2147483648}}], 1024, 476) = 1
2549117 epoll_wait(12,  <unfinished ...>
2549118 <... epoll_wait resumed>[], 1024, 35) = 0
2549118 write(17, "\1\0\0\0\0\0\0\0", 8) = 8
2549118 write(17, "\1\0\0\0\0\0\0\0", 8) = 8
2549118 epoll_wait(16, [{events=EPOLLIN, data={u32=2147483648, u64=2147483648}}], 1024, 476) = 1
2549118 epoll_wait(16,  <unfinished ...>
2549117 <... epoll_wait resumed>[], 1024, 476) = 0
2549117 epoll_wait(12,  <unfinished ...>
2549118 <... epoll_wait resumed>[], 1024, 476) = 0
2549118 epoll_wait(16,  <unfinished ...>
2549117 <... epoll_wait resumed>[], 1024, 23) = 0
2549117 write(13, "\1\0\0\0\0\0\0\0", 8) = 8
2549117 write(13, "\1\0\0\0\0\0\0\0", 8) = 8
2549117 epoll_wait(12, [{events=EPOLLIN, data={u32=2147483648, u64=2147483648}}], 1024, 168) = 1
2549117 epoll_wait(12,  <unfinished ...>
2549118 <... epoll_wait resumed>[], 1024, 23) = 0
2549118 write(17, "\1\0\0\0\0\0\0\0", 8) = 8
2549118 write(17, "\1\0\0\0\0\0\0\0", 8) = 8
2549118 epoll_wait(16, [{events=EPOLLIN, data={u32=2147483648, u64=2147483648}}], 1024, 167) = 1
2549118 epoll_wait(16,  <unfinished ...>
2549117 <... epoll_wait resumed>[], 1024, 167) = 0
2549117 epoll_wait(12,  <unfinished ...>
2549118 <... epoll_wait resumed>[], 1024, 167) = 0
2549118 epoll_wait(16,  <unfinished ...>
2549117 <... epoll_wait resumed>[], 1024, 320) = 0
2549117 epoll_wait(12,  <unfinished ...>
2549118 <... epoll_wait resumed>[], 1024, 320) = 0
2549118 epoll_wait(16,  <unfinished ...>
2549117 <... epoll_wait resumed>[], 1024, 11) = 0
2549117 write(13, "\1\0\0\0\0\0\0\0", 8) = 8
2549117 write(13, "\1\0\0\0\0\0\0\0", 8) = 8
2549117 epoll_wait(12, [{events=EPOLLIN, data={u32=2147483648, u64=2147483648}}], 1024, 500) = 1
2549117 epoll_wait(12,  <unfinished ...>
2549118 <... epoll_wait resumed>[], 1024, 12) = 0
2549118 write(17, "\1\0\0\0\0\0\0\0", 8) = 8
2549118 write(17, "\1\0\0\0\0\0\0\0", 8) = 8
2549118 epoll_wait(16, [{events=EPOLLIN, data={u32=2147483648, u64=2147483648}}], 1024, 499) = 1
2549118 epoll_wait(16,  <unfinished ...>
2549117 <... epoll_wait resumed>[], 1024, 500) = 0
2549117 write(13, "\1\0\0\0\0\0\0\0", 8) = 8
2549117 write(13, "\1\0\0\0\0\0\0\0", 8) = 8
2549117 epoll_wait(12, [{events=EPOLLIN, data={u32=2147483648, u64=2147483648}}], 1024, 447) = 1
2549117 epoll_wait(12,  <unfinished ...>
2549118 <... epoll_wait resumed>[], 1024, 499) = 0
2549118 write(17, "\1\0\0\0\0\0\0\0", 8) = 8
2549118 write(17, "\1\0\0\0\0\0\0\0", 8) = 8
2549118 epoll_wait(16, [{events=EPOLLIN, data={u32=2147483648, u64=2147483648}}], 1024, 447) = 1
2549118 epoll_wait(16,  <unfinished ...>
2549117 <... epoll_wait resumed>[], 1024, 447) = 0
2549117 epoll_wait(12,  <unfinished ...>
2549118 <... epoll_wait resumed>[], 1024, 447) = 0
2549118 epoll_wait(16,  <unfinished ...>
2549117 <... epoll_wait resumed>[], 1024, 51) = 0
2549117 write(13, "\1\0\0\0\0\0\0\0", 8) = 8
2549117 write(13, "\1\0\0\0\0\0\0\0", 8) = 8
2549117 epoll_wait(12, [{events=EPOLLIN, data={u32=2147483648, u64=2147483648}}], 1024, 460) = 1
2549117 epoll_wait(12,  <unfinished ...>
2549118 <... epoll_wait resumed>[], 1024, 52) = 0
2549118 write(17, "\1\0\0\0\0\0\0\0", 8) = 8
2549118 write(17, "\1\0\0\0\0\0\0\0", 8) = 8
2549118 epoll_wait(16, [{events=EPOLLIN, data={u32=2147483648, u64=2147483648}}], 1024, 459) = 1
2549118 epoll_wait(16,  <unfinished ...>
2549117 <... epoll_wait resumed>[], 1024, 460) = 0
2549117 epoll_wait(12,  <unfinished ...>
2549118 <... epoll_wait resumed>[], 1024, 459) = 0
2549118 epoll_wait(16,  <unfinished ...>
2549117 <... epoll_wait resumed>[], 1024, 39) = 0
2549117 write(13, "\1\0\0\0\0\0\0\0", 8) = 8
2549117 write(13, "\1\0\0\0\0\0\0\0", 8) = 8
2549117 epoll_wait(12, [{events=EPOLLIN, data={u32=2147483648, u64=2147483648}}], 1024, 472) = 1
2549117 epoll_wait(12,  <unfinished ...>
2549118 <... epoll_wait resumed>[], 1024, 40) = 0
2549118 write(17, "\1\0\0\0\0\0\0\0", 8) = 8
2549118 write(17, "\1\0\0\0\0\0\0\0", 8) = 8
2549118 epoll_wait(16, [{events=EPOLLIN, data={u32=2147483648, u64=2147483648}}], 1024, 472) = 1
2549118 epoll_wait(16,  <unfinished ...>
2549117 <... epoll_wait resumed>[], 1024, 472) = 0
2549117 epoll_wait(12,  <unfinished ...>
2549118 <... epoll_wait resumed>[], 1024, 471) = 0
2549118 epoll_wait(16,  <unfinished ...>
2549117 <... epoll_wait resumed>[], 1024, 27) = 0
2549117 write(13, "\1\0\0\0\0\0\0\0", 8) = 8
2549117 write(13, "\1\0\0\0\0\0\0\0", 8) = 8
2549117 epoll_wait(12, [{events=EPOLLIN, data={u32=2147483648, u64=2147483648}}], 1024, 484) = 1
2549117 epoll_wait(12,  <unfinished ...>
2549118 <... epoll_wait resumed>[], 1024, 28) = 0
2549118 write(17, "\1\0\0\0\0\0\0\0", 8) = 8
2549118 write(17, "\1\0\0\0\0\0\0\0", 8) = 8
2549118 epoll_wait(16, [{events=EPOLLIN, data={u32=2147483648, u64=2147483648}}], 1024, 483) = 1
2549118 epoll_wait(16,  <unfinished ...>
2549117 <... epoll_wait resumed>[], 1024, 484) = 0
2549117 epoll_wait(12,  <unfinished ...>
2549118 <... epoll_wait resumed>[], 1024, 483) = 0
2549118 epoll_wait(16,  <unfinished ...>
2549117 <... epoll_wait resumed>[], 1024, 15) = 0
2549117 write(13, "\1\0\0\0\0\0\0\0", 8) = 8
2549117 write(13, "\1\0\0\0\0\0\0\0", 8) = 8
2549117 epoll_wait(12, [{events=EPOLLIN, data={u32=2147483648, u64=2147483648}}], 1024, 495) = 1
2549117 epoll_wait(12,  <unfinished ...>
2549118 <... epoll_wait resumed>[], 1024, 16) = 0
2549118 write(17, "\1\0\0\0\0\0\0\0", 8) = 8
2549118 write(17, "\1\0\0\0\0\0\0\0", 8) = 8
2549118 epoll_wait(16, [{events=EPOLLIN, data={u32=2147483648, u64=2147483648}}], 1024, 496) = 1
2549118 epoll_wait(16,  <unfinished ...>
2549117 <... epoll_wait resumed>[], 1024, 495) = 0
2549117 epoll_wait(12, [], 1024, 3)     = 0
2549117 write(13, "\1\0\0\0\0\0\0\0", 8) = 8
2549117 write(13, "\1\0\0\0\0\0\0\0", 8) = 8
2549117 epoll_wait(12, [{events=EPOLLIN, data={u32=2147483648, u64=2147483648}}], 1024, 444) = 1
2549117 epoll_wait(12,  <unfinished ...>
2549118 <... epoll_wait resumed>[], 1024, 496) = 0
2549118 epoll_wait(16, [], 1024, 3)     = 0
2549118 write(17, "\1\0\0\0\0\0\0\0", 8) = 8
2549118 write(17, "\1\0\0\0\0\0\0\0", 8) = 8
2549118 epoll_wait(16, [{events=EPOLLIN, data={u32=2147483648, u64=2147483648}}], 1024, 443) = 1
2549118 epoll_wait(16,  <unfinished ...>
2549117 <... epoll_wait resumed>[], 1024, 444) = 0
2549117 epoll_wait(12,  <unfinished ...>
2549118 <... epoll_wait resumed>[], 1024, 443) = 0
2549118 epoll_wait(16,  <unfinished ...>
2549117 <... epoll_wait resumed>[], 1024, 55) = 0
2549117 write(13, "\1\0\0\0\0\0\0\0", 8) = 8
2549117 write(13, "\1\0\0\0\0\0\0\0", 8) = 8
