2549116 execve("./target/debug/remote-service", ["./target/debug/remote-service"], 0x7fff05faf298 /* 18 vars */) = 0
2549116 brk(NULL)                       = 0x55703c583000
2549116 arch_prctl(0x3001 /* ARCH_??? */, 0x7ffd76223f00) = -1 EINVAL (Invalid argument)
2549116 access("/etc/ld.so.preload", R_OK) = -1 ENOENT (No such file or directory)
2549116 openat(AT_FDCWD, "/etc/ld.so.cache", O_RDONLY|O_CLOEXEC) = 3
2549116 newfstatat(3, "", {st_mode=S_IFREG|0644, st_size=152843, ...}, AT_EMPTY_PATH) = 0
2549116 mmap(NULL, 152843, PROT_READ, MAP_PRIVATE, 3, 0) = 0x7f52653f9000
2549116 close(3)                        = 0
2549116 openat(AT_FDCWD, "/usr/lib/libudev.so.1", O_RDONLY|O_CLOEXEC) = 3
2549116 read(3, "\177ELF\2\1\1\0\0\0\0\0\0\0\0\0\3\0>\0\1\0\0\0\0\0\0\0\0\0\0\0"..., 832) = 832
2549116 pread64(3, "\4\0\0\0\24\0\0\0\3\0\0\0GNU\0}\31186%i\21(U\266\10m\340f\315j"..., 36, 800) = 36
2549116 newfstatat(3, "", {st_mode=S_IFREG|0755, st_size=174312, ...}, AT_EMPTY_PATH) = 0
2549116 mmap(NULL, 8192, PROT_READ|PROT_WRITE, MAP_PRIVATE|MAP_ANONYMOUS, -1, 0) = 0x7f52653f7000
2549116 mmap(NULL, 178472, PROT_READ, MAP_PRIVATE|MAP_DENYWRITE, 3, 0) = 0x7f52653cb000
2549116 mmap(0x7f52653d0000, 106496, PROT_READ|PROT_EXEC, MAP_PRIVATE|MAP_FIXED|MAP_DENYWRITE, 3, 0x5000) = 0x7f52653d0000
2549116 mmap(0x7f52653ea000, 45056, PROT_READ, MAP_PRIVATE|MAP_FIXED|MAP_DENYWRITE, 3, 0x1f000) = 0x7f52653ea000
2549116 mmap(0x7f52653f5000, 8192, PROT_READ|PROT_WRITE, MAP_PRIVATE|MAP_FIXED|MAP_DENYWRITE, 3, 0x29000) = 0x7f52653f5000
2549116 close(3)                        = 0
2549116 openat(AT_FDCWD, "/usr/lib/libgcc_s.so.1", O_RDONLY|O_CLOEXEC) = 3
2549116 read(3, "\177ELF\2\1\1\0\0\0\0\0\0\0\0\0\3\0>\0\1\0\0\0\0\0\0\0\0\0\0\0"..., 832) = 832
2549116 newfstatat(3, "", {st_mode=S_IFREG|0644, st_size=478272, ...}, AT_EMPTY_PATH) = 0
2549116 mmap(NULL, 107240, PROT_READ, MAP_PRIVATE|MAP_DENYWRITE, 3, 0) = 0x7f52653b0000
2549116 mprotect(0x7f52653b3000, 90112, PROT_NONE) = 0
2549116 mmap(0x7f52653b3000, 73728, PROT_READ|PROT_EXEC, MAP_PRIVATE|MAP_FIXED|MAP_DENYWRITE, 3, 0x3000) = 0x7f52653b3000
2549116 mmap(0x7f52653c5000, 12288, PROT_READ, MAP_PRIVATE|MAP_FIXED|MAP_DENYWRITE, 3, 0x15000) = 0x7f52653c5000
2549116 mmap(0x7f52653c9000, 8192, PROT_READ|PROT_WRITE, MAP_PRIVATE|MAP_FIXED|MAP_DENYWRITE, 3, 0x18000) = 0x7f52653c9000
2549116 close(3)                        = 0
2549116 openat(AT_FDCWD, "/usr/lib/libm.so.6", O_RDONLY|O_CLOEXEC) = 3
2549116 read(3, "\177ELF\2\1\1\3\0\0\0\0\0\0\0\0\3\0>\0\1\0\0\0\0\0\0\0\0\0\0\0"..., 832) = 832
2549116 newfstatat(3, "", {st_mode=S_IFREG|0755, st_size=1061880, ...}, AT_EMPTY_PATH) = 0
2549116 mmap(NULL, 946752, PROT_READ, MAP_PRIVATE|MAP_DENYWRITE, 3, 0) = 0x7f52652c8000
2549116 mmap(0x7f52652d8000, 499712, PROT_READ|PROT_EXEC, MAP_PRIVATE|MAP_FIXED|MAP_DENYWRITE, 3, 0x10000) = 0x7f52652d8000
2549116 mmap(0x7f5265352000, 376832, PROT_READ, MAP_PRIVATE|MAP_FIXED|MAP_DENYWRITE, 3, 0x8a000) = 0x7f5265352000
2549116 mmap(0x7f52653ae000, 8192, PROT_READ|PROT_WRITE, MAP_PRIVATE|MAP_FIXED|MAP_DENYWRITE, 3, 0xe5000) = 0x7f52653ae000
2549116 close(3)                        = 0
2549116 openat(AT_FDCWD, "/usr/lib/libc.so.6", O_RDONLY|O_CLOEXEC) = 3
2549116 read(3, "\177ELF\2\1\1\3\0\0\0\0\0\0\0\0\3\0>\0\1\0\0\0\320\324\2\0\0\0\0\0"..., 832) = 832
2549116 pread64(3, "\6\0\0\0\4\0\0\0@\0\0\0\0\0\0\0@\0\0\0\0\0\0\0@\0\0\0\0\0\0\0"..., 784, 64) = 784
2549116 pread64(3, "\4\0\0\0@\0\0\0\5\0\0\0GNU\0\2\0\0\300\4\0\0\0\3\0\0\0\0\0\0\0"..., 80, 848) = 80
2549116 pread64(3, "\4\0\0\0\24\0\0\0\3\0\0\0GNU\0\205vn\235\204X\261n\234|\346\340|q,\2"..., 68, 928) = 68
2549116 newfstatat(3, "", {st_mode=S_IFREG|0755, st_size=2463384, ...}, AT_EMPTY_PATH) = 0
2549116 pread64(3, "\6\0\0\0\4\0\0\0@\0\0\0\0\0\0\0@\0\0\0\0\0\0\0@\0\0\0\0\0\0\0"..., 784, 64) = 784
2549116 mmap(NULL, 2136752, PROT_READ, MAP_PRIVATE|MAP_DENYWRITE, 3, 0) = 0x7f52650be000
2549116 mprotect(0x7f52650ea000, 1880064, PROT_NONE) = 0
2549116 mmap(0x7f52650ea000, 1531904, PROT_READ|PROT_EXEC, MAP_PRIVATE|MAP_FIXED|MAP_DENYWRITE, 3, 0x2c000) = 0x7f52650ea000
2549116 mmap(0x7f5265260000, 344064, PROT_READ, MAP_PRIVATE|MAP_FIXED|MAP_DENYWRITE, 3, 0x1a2000) = 0x7f5265260000
2549116 mmap(0x7f52652b5000, 24576, PROT_READ|PROT_WRITE, MAP_PRIVATE|MAP_FIXED|MAP_DENYWRITE, 3, 0x1f6000) = 0x7f52652b5000
2549116 mmap(0x7f52652bb000, 51888, PROT_READ|PROT_WRITE, MAP_PRIVATE|MAP_FIXED|MAP_ANONYMOUS, -1, 0) = 0x7f52652bb000
2549116 close(3)                        = 0
2549116 mmap(NULL, 8192, PROT_READ|PROT_WRITE, MAP_PRIVATE|MAP_ANONYMOUS, -1, 0) = 0x7f52650bc000
2549116 arch_prctl(ARCH_SET_FS, 0x7f52650bd2c0) = 0
2549116 set_tid_address(0x7f52650bd590) = 2549116
2549116 set_robust_list(0x7f52650bd5a0, 24) = 0
2549116 rseq(0x7f52650bdc60, 0x20, 0, 0x53053053) = 0
2549116 mprotect(0x7f52652b5000, 12288, PROT_READ) = 0
2549116 mprotect(0x7f52653ae000, 4096, PROT_READ) = 0
2549116 mprotect(0x7f52653c9000, 4096, PROT_READ) = 0
2549116 mprotect(0x7f52653f5000, 4096, PROT_READ) = 0
2549116 mprotect(0x55703afd3000, 479232, PROT_READ) = 0
2549116 mprotect(0x7f5265454000, 8192, PROT_READ) = 0
2549116 prlimit64(0, RLIMIT_STACK, NULL, {rlim_cur=8192*1024, rlim_max=RLIM64_INFINITY}) = 0
2549116 munmap(0x7f52653f9000, 152843)  = 0
2549116 poll([{fd=0, events=0}, {fd=1, events=0}, {fd=2, events=0}], 3, 0) = 0 (Timeout)
2549116 rt_sigaction(SIGPIPE, {sa_handler=SIG_IGN, sa_mask=[PIPE], sa_flags=SA_RESTORER|SA_RESTART, sa_restorer=0x7f5265100560}, {sa_handler=SIG_DFL, sa_mask=[], sa_flags=0}, 8) = 0
2549116 rt_sigaction(SIGSEGV, NULL, {sa_handler=SIG_DFL, sa_mask=[], sa_flags=0}, 8) = 0
2549116 rt_sigaction(SIGSEGV, {sa_handler=0x55703adb0390, sa_mask=[], sa_flags=SA_RESTORER|SA_ONSTACK|SA_SIGINFO, sa_restorer=0x7f5265100560}, NULL, 8) = 0
2549116 rt_sigaction(SIGBUS, NULL, {sa_handler=SIG_DFL, sa_mask=[], sa_flags=0}, 8) = 0
2549116 rt_sigaction(SIGBUS, {sa_handler=0x55703adb0390, sa_mask=[], sa_flags=SA_RESTORER|SA_ONSTACK|SA_SIGINFO, sa_restorer=0x7f5265100560}, NULL, 8) = 0
2549116 sigaltstack(NULL, {ss_sp=NULL, ss_flags=SS_DISABLE, ss_size=0}) = 0
2549116 mmap(NULL, 12288, PROT_READ|PROT_WRITE, MAP_PRIVATE|MAP_ANONYMOUS|MAP_STACK, -1, 0) = 0x7f526541c000
2549116 mprotect(0x7f526541c000, 4096, PROT_NONE) = 0
2549116 sigaltstack({ss_sp=0x7f526541d000, ss_flags=0, ss_size=8192}, NULL) = 0
2549116 getrandom("\x5e\xec\x5c\xfe\x0d\xdd\x80\x25", 8, GRND_NONBLOCK) = 8
2549116 brk(NULL)                       = 0x55703c583000
2549116 brk(0x55703c5a4000)             = 0x55703c5a4000
2549116 openat(AT_FDCWD, "/proc/self/maps", O_RDONLY|O_CLOEXEC) = 3
2549116 prlimit64(0, RLIMIT_STACK, NULL, {rlim_cur=8192*1024, rlim_max=RLIM64_INFINITY}) = 0
2549116 newfstatat(3, "", {st_mode=S_IFREG|0444, st_size=0, ...}, AT_EMPTY_PATH) = 0
2549116 read(3, "55703a5d6000-55703a6a7000 r--p 0"..., 1024) = 1024
2549116 read(3, "xp 0002c000 08:04 3804518       "..., 1024) = 1024
2549116 read(3, "ibgcc_s.so.1\n7f52653b3000-7f5265"..., 1024) = 1024
2549116 read(3, "000 00:00 0 \n7f526541c000-7f5265"..., 1024) = 951
2549116 close(3)                        = 0
2549116 sched_getaffinity(2549116, 32, [0, 1, 2, 3]) = 32
2549116 epoll_create1(EPOLL_CLOEXEC)    = 3
2549116 eventfd2(0, EFD_CLOEXEC|EFD_NONBLOCK) = 4
2549116 epoll_ctl(3, EPOLL_CTL_ADD, 4, {events=EPOLLIN|EPOLLRDHUP|EPOLLET, data={u32=2147483648, u64=2147483648}}) = 0
2549116 fcntl(3, F_DUPFD_CLOEXEC, 3)    = 5
2549116 socketpair(AF_UNIX, SOCK_STREAM|SOCK_CLOEXEC|SOCK_NONBLOCK, 0, [6, 7]) = 0
2549116 fcntl(6, F_DUPFD_CLOEXEC, 0)    = 8
2549116 epoll_ctl(5, EPOLL_CTL_ADD, 8, {events=EPOLLIN|EPOLLOUT|EPOLLRDHUP|EPOLLET, data={u32=0, u64=0}}) = 0
2549116 getrandom("\x9a\x9c\x40\x74\x9e\x52\x34\x74\x46\x69\x24\x0b\xac\x4b\x01\xf1", 16, GRND_NONBLOCK) = 16
2549116 write(4, "\1\0\0\0\0\0\0\0", 8) = 8
2549116 ioctl(2, TCGETS, {B38400 opost isig icanon echo ...}) = 0
2549116 openat(AT_FDCWD, "/proc/cpuinfo", O_RDONLY|O_CLOEXEC) = 9
2549116 read(9, "processor\t: 0\nvendor_id\t: Genuin"..., 8192) = 3561
2549116 read(9, "processor\t: 3\nvendor_id\t: Genuin"..., 8192) = 1187
2549116 read(9, "", 8192)               = 0
2549116 close(9)                        = 0
2549116 openat(AT_FDCWD, "/proc/cpuinfo", O_RDONLY|O_CLOEXEC) = 9
2549116 read(9, "processor\t: 0\nvendor_id\t: Genuin"..., 8192) = 3561
2549116 read(9, "processor\t: 3\nvendor_id\t: Genuin"..., 8192) = 1187
2549116 read(9, "", 8192)               = 0
2549116 close(9)                        = 0
2549116 socket(AF_INET, SOCK_STREAM|SOCK_CLOEXEC, IPPROTO_TCP) = 9
2549116 setsockopt(9, SOL_SOCKET, SO_REUSEADDR, [1], 4) = 0
2549116 bind(9, {sa_family=AF_INET, sin_port=htons(9090), sin_addr=inet_addr("0.0.0.0")}, 16) = 0
2549116 listen(9, 1024)                 = 0
2549116 getsockname(9, {sa_family=AF_INET, sin_port=htons(9090), sin_addr=inet_addr("0.0.0.0")}, [128 => 16]) = 0
2549116 ioctl(9, FIONBIO, [1])          = 0
2549116 getsockname(9, {sa_family=AF_INET, sin_port=htons(9090), sin_addr=inet_addr("0.0.0.0")}, [128 => 16]) = 0
2549116 write(2, "\33[0m\33[38;5;8m[\33[0m2022-03-18T03:"..., 117) = 117
2549116 write(2, "\33[0m\33[38;5;8m[\33[0m2022-03-18T03:"..., 144) = 144
2549116 epoll_create1(EPOLL_CLOEXEC)    = 10
2549116 eventfd2(0, EFD_CLOEXEC|EFD_NONBLOCK) = 11
2549116 epoll_ctl(10, EPOLL_CTL_ADD, 11, {events=EPOLLIN|EPOLLRDHUP|EPOLLET, data={u32=4294967295, u64=18446744073709551615}}) = 0
2549116 rt_sigaction(SIGRT_1, {sa_handler=0x7f5265148940, sa_mask=[], sa_flags=SA_RESTORER|SA_ONSTACK|SA_RESTART|SA_SIGINFO, sa_restorer=0x7f5265100560}, NULL, 8) = 0
2549116 rt_sigprocmask(SIG_UNBLOCK, [RTMIN RT_1], NULL, 8) = 0
2549116 mmap(NULL, 2101248, PROT_NONE, MAP_PRIVATE|MAP_ANONYMOUS|MAP_STACK, -1, 0) = 0x7f5264ebb000
2549116 mprotect(0x7f5264ebc000, 2097152, PROT_READ|PROT_WRITE) = 0
2549116 rt_sigprocmask(SIG_BLOCK, ~[], [], 8) = 0
2549116 clone(child_stack=0x7f52650bac70, flags=CLONE_VM|CLONE_FS|CLONE_FILES|CLONE_SIGHAND|CLONE_THREAD|CLONE_SYSVSEM|CLONE_SETTLS|CLONE_PARENT_SETTID|CLONE_CHILD_CLEARTID, parent_tid=[2549117], tls=0x7f52650bb640, child_tidptr=0x7f52650bb910) = 2549117
2549117 rseq(0x7f52650bbfe0, 0x20, 0, 0x53053053 <unfinished ...>
2549116 rt_sigprocmask(SIG_SETMASK, [],  <unfinished ...>
2549117 <... rseq resumed>)             = 0
2549116 <... rt_sigprocmask resumed>NULL, 8) = 0
2549117 set_robust_list(0x7f52650bb920, 24 <unfinished ...>
2549116 futex(0x55703c583b58, FUTEX_WAIT_PRIVATE, 4294967295, NULL <unfinished ...>
2549117 <... set_robust_list resumed>)  = 0
2549117 rt_sigprocmask(SIG_SETMASK, [], NULL, 8) = 0
2549117 sigaltstack(NULL, {ss_sp=NULL, ss_flags=SS_DISABLE, ss_size=0}) = 0
2549117 mmap(NULL, 12288, PROT_READ|PROT_WRITE, MAP_PRIVATE|MAP_ANONYMOUS|MAP_STACK, -1, 0) = 0x7f5265419000
2549117 mprotect(0x7f5265419000, 4096, PROT_NONE) = 0
2549117 sigaltstack({ss_sp=0x7f526541a000, ss_flags=0, ss_size=8192}, NULL) = 0
2549117 prctl(PR_SET_NAME, "actix-rt|system"...) = 0
2549117 mmap(NULL, 134217728, PROT_NONE, MAP_PRIVATE|MAP_ANONYMOUS|MAP_NORESERVE, -1, 0) = 0x7f525cebb000
2549117 munmap(0x7f525cebb000, 51662848) = 0
2549117 munmap(0x7f5264000000, 15446016) = 0
2549117 mprotect(0x7f5260000000, 135168, PROT_READ|PROT_WRITE) = 0
2549117 sched_getaffinity(2549117, 32, [0, 1, 2, 3]) = 32
2549117 epoll_create1(EPOLL_CLOEXEC)    = 12
2549117 eventfd2(0, EFD_CLOEXEC|EFD_NONBLOCK) = 13
2549117 epoll_ctl(12, EPOLL_CTL_ADD, 13, {events=EPOLLIN|EPOLLRDHUP|EPOLLET, data={u32=2147483648, u64=2147483648}}) = 0
2549117 fcntl(12, F_DUPFD_CLOEXEC, 3)   = 14
2549117 fcntl(6, F_DUPFD_CLOEXEC, 0)    = 15
2549117 epoll_ctl(14, EPOLL_CTL_ADD, 15, {events=EPOLLIN|EPOLLOUT|EPOLLRDHUP|EPOLLET, data={u32=0, u64=0}}) = 0
2549117 getrandom("\xed\x50\xbf\x45\x02\xf5\x11\x38\x1b\x48\x90\xd2\x01\x6c\x05\xa3", 16, GRND_NONBLOCK) = 16
2549117 futex(0x55703c583b58, FUTEX_WAKE_PRIVATE, 1) = 1
2549116 <... futex resumed>)            = 0
2549116 futex(0x55703c583b58, FUTEX_WAIT_PRIVATE, 4294967295, NULL <unfinished ...>
2549117 getrandom(NULL, 0, GRND_NONBLOCK) = 0
2549117 getrandom("\xf7\xff\x4d\x0a\x02\x3c\x6e\xf1\x47\x53\x75\x35\x46\xc5\xd0\x33\x8f\x79\x7f\x20\x36\xb3\x0d\x85\xc6\x51\xf0\x01\x57\xf1\x3e\xd6"..., 64, 0) = 64
2549117 futex(0x55703c583b58, FUTEX_WAKE_PRIVATE, 1) = 1
2549116 <... futex resumed>)            = 0
2549116 futex(0x55703c58e680, FUTEX_WAKE_PRIVATE, 1 <unfinished ...>
2549117 futex(0x55703c58e680, FUTEX_WAIT_PRIVATE, 2, NULL <unfinished ...>
2549116 <... futex resumed>)            = 0
2549117 <... futex resumed>)            = -1 EAGAIN (Resource temporarily unavailable)
2549116 mmap(NULL, 2101248, PROT_NONE, MAP_PRIVATE|MAP_ANONYMOUS|MAP_STACK, -1, 0 <unfinished ...>
2549117 futex(0x55703c58e680, FUTEX_WAKE_PRIVATE, 1 <unfinished ...>
2549116 <... mmap resumed>)             = 0x7f5264cba000
2549117 <... futex resumed>)            = 0
2549116 mprotect(0x7f5264cbb000, 2097152, PROT_READ|PROT_WRITE) = 0
2549116 rt_sigprocmask(SIG_BLOCK, ~[],  <unfinished ...>
2549117 write(13, "\1\0\0\0\0\0\0\0", 8 <unfinished ...>
2549116 <... rt_sigprocmask resumed>[], 8) = 0
2549117 <... write resumed>)            = 8
2549116 clone(child_stack=0x7f5264eb9c70, flags=CLONE_VM|CLONE_FS|CLONE_FILES|CLONE_SIGHAND|CLONE_THREAD|CLONE_SYSVSEM|CLONE_SETTLS|CLONE_PARENT_SETTID|CLONE_CHILD_CLEARTID, parent_tid=[2549118], tls=0x7f5264eba640, child_tidptr=0x7f5264eba910) = 2549118
2549117 epoll_wait(12,  <unfinished ...>
2549116 rt_sigprocmask(SIG_SETMASK, [],  <unfinished ...>
2549117 <... epoll_wait resumed>[{events=EPOLLOUT, data={u32=0, u64=0}}, {events=EPOLLIN, data={u32=2147483648, u64=2147483648}}], 1024, 0) = 2
2549116 <... rt_sigprocmask resumed>NULL, 8) = 0
2549118 rseq(0x7f5264ebafe0, 0x20, 0, 0x53053053) = 0
2549117 write(13, "\1\0\0\0\0\0\0\0", 8 <unfinished ...>
2549116 futex(0x55703c583b58, FUTEX_WAIT_PRIVATE, 4294967295, NULL <unfinished ...>
2549118 set_robust_list(0x7f5264eba920, 24 <unfinished ...>
2549117 <... write resumed>)            = 8
2549118 <... set_robust_list resumed>)  = 0
2549118 rt_sigprocmask(SIG_SETMASK, [], NULL, 8) = 0
2549117 write(13, "\1\0\0\0\0\0\0\0", 8 <unfinished ...>
2549118 sigaltstack(NULL,  <unfinished ...>
2549117 <... write resumed>)            = 8
2549118 <... sigaltstack resumed>{ss_sp=NULL, ss_flags=SS_DISABLE, ss_size=0}) = 0
2549118 mmap(NULL, 12288, PROT_READ|PROT_WRITE, MAP_PRIVATE|MAP_ANONYMOUS|MAP_STACK, -1, 0 <unfinished ...>
2549117 epoll_wait(12,  <unfinished ...>
2549118 <... mmap resumed>)             = 0x7f5265416000
2549117 <... epoll_wait resumed>[{events=EPOLLIN, data={u32=2147483648, u64=2147483648}}], 1024, 444) = 1
2549118 mprotect(0x7f5265416000, 4096, PROT_NONE) = 0
2549117 epoll_wait(12,  <unfinished ...>
2549118 sigaltstack({ss_sp=0x7f5265417000, ss_flags=0, ss_size=8192}, NULL) = 0
2549118 prctl(PR_SET_NAME, "actix-rt|system"...) = 0
2549118 mmap(NULL, 134217728, PROT_NONE, MAP_PRIVATE|MAP_ANONYMOUS|MAP_NORESERVE, -1, 0) = 0x7f5258000000
2549118 munmap(0x7f525c000000, 67108864) = 0
2549118 mprotect(0x7f5258000000, 135168, PROT_READ|PROT_WRITE) = 0
2549118 sched_getaffinity(2549118, 32, [0, 1, 2, 3]) = 32
2549118 epoll_create1(EPOLL_CLOEXEC)    = 16
2549118 eventfd2(0, EFD_CLOEXEC|EFD_NONBLOCK) = 17
2549118 epoll_ctl(16, EPOLL_CTL_ADD, 17, {events=EPOLLIN|EPOLLRDHUP|EPOLLET, data={u32=2147483648, u64=2147483648}}) = 0
2549118 fcntl(16, F_DUPFD_CLOEXEC, 3)   = 18
2549118 fcntl(6, F_DUPFD_CLOEXEC, 0)    = 19
2549118 epoll_ctl(18, EPOLL_CTL_ADD, 19, {events=EPOLLIN|EPOLLOUT|EPOLLRDHUP|EPOLLET, data={u32=0, u64=0}}) = 0
2549118 getrandom("\xf1\xca\xc0\xef\x38\xd1\xd0\x3f\x6c\x41\x71\x1a\x84\x31\xbb\x83", 16, GRND_NONBLOCK) = 16
2549118 futex(0x55703c583b58, FUTEX_WAKE_PRIVATE, 1 <unfinished ...>
2549116 <... futex resumed>)            = 0
2549118 <... futex resumed>)            = 1
2549116 futex(0x55703c583b58, FUTEX_WAIT_PRIVATE, 4294967295, NULL <unfinished ...>
2549118 futex(0x55703c583b58, FUTEX_WAKE_PRIVATE, 1) = 1
2549116 <... futex resumed>)            = 0
2549116 epoll_ctl(10, EPOLL_CTL_ADD, 9, {events=EPOLLIN|EPOLLRDHUP|EPOLLET, data={u32=0, u64=0}} <unfinished ...>
2549118 write(17, "\1\0\0\0\0\0\0\0", 8 <unfinished ...>
2549116 <... epoll_ctl resumed>)        = 0
2549118 <... write resumed>)            = 8
2549116 mmap(NULL, 2101248, PROT_NONE, MAP_PRIVATE|MAP_ANONYMOUS|MAP_STACK, -1, 0) = 0x7f5264ab9000
2549118 epoll_wait(16,  <unfinished ...>
2549116 mprotect(0x7f5264aba000, 2097152, PROT_READ|PROT_WRITE <unfinished ...>
2549118 <... epoll_wait resumed>[{events=EPOLLOUT, data={u32=0, u64=0}}, {events=EPOLLIN, data={u32=2147483648, u64=2147483648}}], 1024, 1) = 2
2549116 <... mprotect resumed>)         = 0
2549116 rt_sigprocmask(SIG_BLOCK, ~[],  <unfinished ...>
2549118 epoll_wait(16,  <unfinished ...>
2549116 <... rt_sigprocmask resumed>[], 8) = 0
2549116 clone(child_stack=0x7f5264cb8c70, flags=CLONE_VM|CLONE_FS|CLONE_FILES|CLONE_SIGHAND|CLONE_THREAD|CLONE_SYSVSEM|CLONE_SETTLS|CLONE_PARENT_SETTID|CLONE_CHILD_CLEARTID, parent_tid=[2549119], tls=0x7f5264cb9640, child_tidptr=0x7f5264cb9910) = 2549119
2549119 rseq(0x7f5264cb9fe0, 0x20, 0, 0x53053053 <unfinished ...>
2549116 rt_sigprocmask(SIG_SETMASK, [],  <unfinished ...>
2549119 <... rseq resumed>)             = 0
2549116 <... rt_sigprocmask resumed>NULL, 8) = 0
2549119 set_robust_list(0x7f5264cb9920, 24) = 0
2549116 rt_sigaction(SIGINT, NULL, {sa_handler=SIG_DFL, sa_mask=[], sa_flags=0}, 8) = 0
2549116 rt_sigaction(SIGINT, {sa_handler=0x55703acf9e70, sa_mask=[], sa_flags=SA_RESTORER|SA_RESTART|SA_SIGINFO, sa_restorer=0x7f5265100560}, {sa_handler=SIG_DFL, sa_mask=[], sa_flags=0}, 8) = 0
2549119 rt_sigprocmask(SIG_SETMASK, [],  <unfinished ...>
2549116 rt_sigaction(SIGTERM, NULL,  <unfinished ...>
2549119 <... rt_sigprocmask resumed>NULL, 8) = 0
2549119 sigaltstack(NULL, {ss_sp=NULL, ss_flags=SS_DISABLE, ss_size=0}) = 0
2549119 mmap(NULL, 12288, PROT_READ|PROT_WRITE, MAP_PRIVATE|MAP_ANONYMOUS|MAP_STACK, -1, 0) = 0x7f5265413000
2549119 mprotect(0x7f5265413000, 4096, PROT_NONE) = 0
2549119 sigaltstack({ss_sp=0x7f5265414000, ss_flags=0, ss_size=8192},  <unfinished ...>
2549116 <... rt_sigaction resumed>{sa_handler=SIG_DFL, sa_mask=[], sa_flags=0}, 8) = 0
2549119 <... sigaltstack resumed>NULL)  = 0
2549116 rt_sigaction(SIGTERM, {sa_handler=0x55703acf9e70, sa_mask=[], sa_flags=SA_RESTORER|SA_RESTART|SA_SIGINFO, sa_restorer=0x7f5265100560},  <unfinished ...>
2549119 prctl(PR_SET_NAME, "actix-server ac"... <unfinished ...>
2549116 <... rt_sigaction resumed>{sa_handler=SIG_DFL, sa_mask=[], sa_flags=0}, 8) = 0
2549119 <... prctl resumed>)            = 0
2549116 rt_sigaction(SIGQUIT, NULL,  <unfinished ...>
2549119 mmap(0x7f525c000000, 67108864, PROT_NONE, MAP_PRIVATE|MAP_ANONYMOUS|MAP_NORESERVE, -1, 0 <unfinished ...>
2549116 <... rt_sigaction resumed>{sa_handler=SIG_DFL, sa_mask=[], sa_flags=0}, 8) = 0
2549119 <... mmap resumed>)             = 0x7f525c000000
2549116 rt_sigaction(SIGQUIT, {sa_handler=0x55703acf9e70, sa_mask=[], sa_flags=SA_RESTORER|SA_RESTART|SA_SIGINFO, sa_restorer=0x7f5265100560}, {sa_handler=SIG_DFL, sa_mask=[], sa_flags=0}, 8) = 0
2549119 mprotect(0x7f525c000000, 135168, PROT_READ|PROT_WRITE) = 0
2549119 sched_getaffinity(2549119, 32, [0, 1, 2, 3]) = 32
2549119 epoll_wait(10,  <unfinished ...>
2549116 epoll_wait(3, [{events=EPOLLOUT, data={u32=0, u64=0}}, {events=EPOLLIN, data={u32=2147483648, u64=2147483648}}], 1024, -1) = 2
2549118 <... epoll_wait resumed>[], 1024, 1) = 0
2549116 epoll_wait(3,  <unfinished ...>
2549118 write(17, "\1\0\0\0\0\0\0\0", 8) = 8
2549118 write(17, "\1\0\0\0\0\0\0\0", 8) = 8
2549118 epoll_wait(16, [{events=EPOLLIN, data={u32=2147483648, u64=2147483648}}], 1024, 443) = 1
2549118 epoll_wait(16,  <unfinished ...>
2549117 <... epoll_wait resumed>[], 1024, 444) = 0
2549117 epoll_wait(12,  <unfinished ...>
2549118 <... epoll_wait resumed>[], 1024, 443) = 0
2549118 epoll_wait(16,  <unfinished ...>
2549117 <... epoll_wait resumed>[], 1024, 56) = 0
2549117 write(13, "\1\0\0\0\0\0\0\0", 8) = 8
2549117 write(13, "\1\0\0\0\0\0\0\0", 8) = 8
2549117 epoll_wait(12, [{events=EPOLLIN, data={u32=2147483648, u64=2147483648}}], 1024, 455) = 1
2549117 epoll_wait(12,  <unfinished ...>
2549118 <... epoll_wait resumed>[], 1024, 56) = 0
2549118 write(17, "\1\0\0\0\0\0\0\0", 8) = 8
2549118 write(17, "\1\0\0\0\0\0\0\0", 8) = 8
2549118 epoll_wait(16, [{events=EPOLLIN, data={u32=2147483648, u64=2147483648}}], 1024, 455) = 1
2549118 epoll_wait(16,  <unfinished ...>
2549117 <... epoll_wait resumed>[], 1024, 455) = 0
2549117 epoll_wait(12,  <unfinished ...>
2549118 <... epoll_wait resumed>[], 1024, 455) = 0
2549118 epoll_wait(16,  <unfinished ...>
2549117 <... epoll_wait resumed>[], 1024, 43) = 0
2549117 write(13, "\1\0\0\0\0\0\0\0", 8) = 8
2549117 write(13, "\1\0\0\0\0\0\0\0", 8) = 8
2549117 epoll_wait(12, [{events=EPOLLIN, data={u32=2147483648, u64=2147483648}}], 1024, 468) = 1
2549117 epoll_wait(12,  <unfinished ...>
2549118 <... epoll_wait resumed>[], 1024, 44) = 0
2549118 write(17, "\1\0\0\0\0\0\0\0", 8) = 8
2549118 write(17, "\1\0\0\0\0\0\0\0", 8) = 8
2549118 epoll_wait(16, [{events=EPOLLIN, data={u32=2147483648, u64=2147483648}}], 1024, 467) = 1
2549118 epoll_wait(16,  <unfinished ...>
2549117 <... epoll_wait resumed>[], 1024, 468) = 0
2549117 epoll_wait(12,  <unfinished ...>
2549118 <... epoll_wait resumed>[], 1024, 467) = 0
2549118 epoll_wait(16,  <unfinished ...>
2549117 <... epoll_wait resumed>[], 1024, 31) = 0
2549117 write(13, "\1\0\0\0\0\0\0\0", 8) = 8
2549117 write(13, "\1\0\0\0\0\0\0\0", 8) = 8
2549117 epoll_wait(12, [{events=EPOLLIN, data={u32=2147483648, u64=2147483648}}], 1024, 480) = 1
2549117 epoll_wait(12,  <unfinished ...>
2549118 <... epoll_wait resumed>[], 1024, 32) = 0
2549118 write(17, "\1\0\0\0\0\0\0\0", 8) = 8
2549118 write(17, "\1\0\0\0\0\0\0\0", 8) = 8
2549118 epoll_wait(16, [{events=EPOLLIN, data={u32=2147483648, u64=2147483648}}], 1024, 479) = 1
2549118 epoll_wait(16,  <unfinished ...>
2549117 <... epoll_wait resumed>[], 1024, 479) = 0
2549117 epoll_wait(12,  <unfinished ...>
2549118 <... epoll_wait resumed>[], 1024, 479) = 0
2549118 epoll_wait(16,  <unfinished ...>
2549117 <... epoll_wait resumed>[], 1024, 20) = 0
2549117 write(13, "\1\0\0\0\0\0\0\0", 8) = 8
2549117 write(13, "\1\0\0\0\0\0\0\0", 8) = 8
2549117 epoll_wait(12, [{events=EPOLLIN, data={u32=2147483648, u64=2147483648}}], 1024, 491) = 1
2549117 epoll_wait(12,  <unfinished ...>
2549118 <... epoll_wait resumed>[], 1024, 20) = 0
2549118 write(17, "\1\0\0\0\0\0\0\0", 8) = 8
2549118 write(17, "\1\0\0\0\0\0\0\0", 8) = 8
2549118 epoll_wait(16, [{events=EPOLLIN, data={u32=2147483648, u64=2147483648}}], 1024, 491) = 1
2549118 epoll_wait(16,  <unfinished ...>
2549117 <... epoll_wait resumed>[], 1024, 491) = 0
2549117 epoll_wait(12,  <unfinished ...>
2549118 <... epoll_wait resumed>[], 1024, 491) = 0
2549118 epoll_wait(16,  <unfinished ...>
2549117 <... epoll_wait resumed>[], 1024, 8) = 0
2549117 write(13, "\1\0\0\0\0\0\0\0", 8) = 8
2549117 write(13, "\1\0\0\0\0\0\0\0", 8) = 8
2549117 epoll_wait(12, [{events=EPOLLIN, data={u32=2147483648, u64=2147483648}}], 1024, 439) = 1
2549117 epoll_wait(12,  <unfinished ...>
2549118 <... epoll_wait resumed>[], 1024, 7) = 0
2549118 write(17, "\1\0\0\0\0\0\0\0", 8) = 8
2549118 write(17, "\1\0\0\0\0\0\0\0", 8) = 8
2549118 epoll_wait(16, [{events=EPOLLIN, data={u32=2147483648, u64=2147483648}}], 1024, 440) = 1
2549118 epoll_wait(16,  <unfinished ...>
2549117 <... epoll_wait resumed>[], 1024, 439) = 0
2549117 epoll_wait(12,  <unfinished ...>
2549118 <... epoll_wait resumed>[], 1024, 440) = 0
2549118 epoll_wait(16,  <unfinished ...>
2549117 <... epoll_wait resumed>[], 1024, 60) = 0
2549117 write(13, "\1\0\0\0\0\0\0\0", 8) = 8
2549117 write(13, "\1\0\0\0\0\0\0\0", 8) = 8
2549117 epoll_wait(12, [{events=EPOLLIN, data={u32=2147483648, u64=2147483648}}], 1024, 451) = 1
2549117 epoll_wait(12,  <unfinished ...>
2549118 <... epoll_wait resumed>[], 1024, 60) = 0
2549118 write(17, "\1\0\0\0\0\0\0\0", 8) = 8
2549118 write(17, "\1\0\0\0\0\0\0\0", 8) = 8
2549118 epoll_wait(16, [{events=EPOLLIN, data={u32=2147483648, u64=2147483648}}], 1024, 451) = 1
2549118 epoll_wait(16,  <unfinished ...>
2549117 <... epoll_wait resumed>[], 1024, 451) = 0
2549117 epoll_wait(12,  <unfinished ...>
2549118 <... epoll_wait resumed>[], 1024, 451) = 0
2549118 epoll_wait(16,  <unfinished ...>
2549117 <... epoll_wait resumed>[], 1024, 47) = 0
2549117 write(13, "\1\0\0\0\0\0\0\0", 8) = 8
2549117 write(13, "\1\0\0\0\0\0\0\0", 8) = 8
2549117 epoll_wait(12, [{events=EPOLLIN, data={u32=2147483648, u64=2147483648}}], 1024, 464) = 1
2549117 epoll_wait(12,  <unfinished ...>
2549118 <... epoll_wait resumed>[], 1024, 47) = 0
2549118 write(17, "\1\0\0\0\0\0\0\0", 8) = 8
2549118 write(17, "\1\0\0\0\0\0\0\0", 8) = 8
2549118 epoll_wait(16, [{events=EPOLLIN, data={u32=2147483648, u64=2147483648}}], 1024, 464) = 1
2549118 epoll_wait(16,  <unfinished ...>
2549119 <... epoll_wait resumed>[{events=EPOLLIN, data={u32=0, u64=0}}], 256, -1) = 1
2549119 accept4(9, {sa_family=AF_INET, sin_port=htons(56484), sin_addr=inet_addr("127.0.0.1")}, [128 => 16], SOCK_CLOEXEC|SOCK_NONBLOCK) = 20
2549119 write(13, "\1\0\0\0\0\0\0\0", 8) = 8
2549117 <... epoll_wait resumed>[{events=EPOLLIN, data={u32=2147483648, u64=2147483648}}], 1024, 464) = 1
2549119 accept4(9, 0x7f5264cb6da0, [128], SOCK_CLOEXEC|SOCK_NONBLOCK) = -1 EAGAIN (Resource temporarily unavailable)
2549119 epoll_wait(10,  <unfinished ...>
2549117 epoll_ctl(14, EPOLL_CTL_ADD, 20, {events=EPOLLIN|EPOLLOUT|EPOLLRDHUP|EPOLLET, data={u32=1, u64=1}}) = 0
2549117 getpeername(20, {sa_family=AF_INET, sin_port=htons(56484), sin_addr=inet_addr("127.0.0.1")}, [128 => 16]) = 0
2549117 epoll_wait(12, [{events=EPOLLIN|EPOLLOUT, data={u32=1, u64=1}}], 1024, 25) = 1
2549117 write(13, "\1\0\0\0\0\0\0\0", 8) = 8
2549117 recvfrom(20, "OPTIONS /volume/up HTTP/1.1\r\nHos"..., 8192, 0, NULL, NULL) = 490
2549117 recvfrom(20, 0x7f52600180da, 7702, 0, NULL, NULL) = -1 EAGAIN (Resource temporarily unavailable)
2549117 write(2, "\33[0m\33[38;5;8m[\33[0m2022-03-18T03:"..., 257) = 257
2549117 sendto(20, "HTTP/1.1 200 OK\r\ncontent-length:"..., 298, MSG_NOSIGNAL, NULL, 0) = 298
2549117 epoll_wait(12, [{events=EPOLLIN, data={u32=2147483648, u64=2147483648}}], 1024, 23) = 1
2549117 epoll_wait(12, [], 1024, 23)    = 0
2549117 epoll_wait(12,  <unfinished ...>
2549118 <... epoll_wait resumed>[], 1024, 464) = 0
2549118 epoll_wait(16,  <unfinished ...>
2549117 <... epoll_wait resumed>[], 1024, 36) = 0
2549117 write(13, "\1\0\0\0\0\0\0\0", 8) = 8
2549117 write(13, "\1\0\0\0\0\0\0\0", 8) = 8
2549117 epoll_wait(12, [{events=EPOLLIN, data={u32=2147483648, u64=2147483648}}], 1024, 92) = 1
2549117 epoll_wait(12,  <unfinished ...>
2549118 <... epoll_wait resumed>[], 1024, 35) = 0
2549118 write(17, "\1\0\0\0\0\0\0\0", 8) = 8
2549118 write(17, "\1\0\0\0\0\0\0\0", 8) = 8
2549118 epoll_wait(16, [{events=EPOLLIN, data={u32=2147483648, u64=2147483648}}], 1024, 91) = 1
2549118 epoll_wait(16,  <unfinished ...>
2549117 <... epoll_wait resumed>[{events=EPOLLIN|EPOLLOUT, data={u32=1, u64=1}}], 1024, 92) = 1
2549117 write(13, "\1\0\0\0\0\0\0\0", 8) = 8
2549117 recvfrom(20, "GET /volume/up HTTP/1.1\r\nHost: l"..., 7702, 0, NULL, NULL) = 421
2549117 recvfrom(20, 0x7f526001827f, 7281, 0, NULL, NULL) = -1 EAGAIN (Resource temporarily unavailable)
2549117 openat(AT_FDCWD, "/dev/ttyUSB0", O_RDWR|O_NOCTTY|O_NONBLOCK) = 21
2549117 ioctl(21, TCGETS, {B115200 -opost -isig -icanon -echo ...}) = 0
2549117 ioctl(21, SNDCTL_TMR_START or TCSETS, {B115200 -opost -isig -icanon -echo ...}) = 0
2549117 ioctl(21, TCGETS, {B115200 -opost -isig -icanon -echo ...}) = 0
2549117 ioctl(21, TCFLSH, TCIOFLUSH)    = 0
2549117 fcntl(21, F_SETFL, O_RDONLY)    = 0
2549117 ioctl(21, TCGETS2, {B115200 -opost -isig -icanon -echo ...}) = 0
2549117 ioctl(21, TCSETS2, {0x1000 /* B??? */ -opost -isig -icanon -echo ...}) = 0
2549117 ioctl(21, TCFLSH, TCIFLUSH)     = 0
2549117 ioctl(21, TCFLSH, TCOFLUSH)     = 0
2549117 ppoll([{fd=21, events=POLLOUT}], 1, {tv_sec=0, tv_nsec=10000000}, [], 8) = 1 ([{fd=21, revents=POLLOUT}], left {tv_sec=0, tv_nsec=9996402})
2549117 write(21, "volume up\n", 10)    = 10
2549117 write(1, "wrote 10 bytes, message: \"volume"..., 39) = 39
2549117 clock_nanosleep(CLOCK_REALTIME, 0, {tv_sec=0, tv_nsec=10000000}, 0x7f52650aa740) = 0
2549117 ppoll([{fd=21, events=POLLIN}], 1, {tv_sec=0, tv_nsec=10000000}, [], 8) = 0 (Timeout)
2549117 write(1, "issue reading from the serial de"..., 37) = 37
2549117 ioctl(21, TIOCNXCL)             = 0
2549117 close(21)                       = 0
2549117 write(2, "thread '", 8)         = 8
2549117 write(2, "actix-rt|system:0|arbiter:0", 27) = 27
2549117 write(2, "' panicked at '", 15) = 15
2549117 write(2, "called `Result::unwrap()` on an "..., 100) = 100
2549117 write(2, "', ", 3)              = 3
2549117 write(2, "src/volume.rs", 13)   = 13
2549117 write(2, ":", 1)                = 1
2549117 write(2, "5", 1)                = 1
2549117 write(2, ":", 1)                = 1
2549117 write(2, "84", 2)               = 2
2549117 write(2, "\n", 1)               = 1
2549117 write(2, "note: run with `RUST_BACKTRACE=1"..., 78) = 78
2549117 futex(0x7f52653ca090, FUTEX_WAKE_PRIVATE, 2147483647) = 0
2549117 epoll_ctl(14, EPOLL_CTL_DEL, 20, NULL) = 0
2549117 close(20)                       = 0
2549117 epoll_wait(12, [{events=EPOLLIN, data={u32=2147483648, u64=2147483648}}], 1024, 52) = 1
2549117 epoll_wait(12,  <unfinished ...>
2549119 <... epoll_wait resumed>[{events=EPOLLIN, data={u32=0, u64=0}}], 256, -1) = 1
2549119 accept4(9, {sa_family=AF_INET, sin_port=htons(56486), sin_addr=inet_addr("127.0.0.1")}, [128 => 16], SOCK_CLOEXEC|SOCK_NONBLOCK) = 20
2549119 write(17, "\1\0\0\0\0\0\0\0", 8) = 8
2549119 accept4(9, 0x7f5264cb6da0, [128], SOCK_CLOEXEC|SOCK_NONBLOCK) = -1 EAGAIN (Resource temporarily unavailable)
2549118 <... epoll_wait resumed>[{events=EPOLLIN, data={u32=2147483648, u64=2147483648}}], 1024, 91) = 1
2549119 epoll_wait(10,  <unfinished ...>
2549118 epoll_ctl(18, EPOLL_CTL_ADD, 20, {events=EPOLLIN|EPOLLOUT|EPOLLRDHUP|EPOLLET, data={u32=1, u64=1}}) = 0
2549118 getpeername(20, {sa_family=AF_INET, sin_port=htons(56486), sin_addr=inet_addr("127.0.0.1")}, [128 => 16]) = 0
2549118 epoll_wait(16, [{events=EPOLLIN|EPOLLOUT, data={u32=1, u64=1}}], 1024, 55) = 1
2549118 write(17, "\1\0\0\0\0\0\0\0", 8) = 8
2549118 recvfrom(20, "GET /volume/up HTTP/1.1\r\nHost: l"..., 8192, 0, NULL, NULL) = 421
2549118 recvfrom(20, 0x7f5258019175, 7771, 0, NULL, NULL) = -1 EAGAIN (Resource temporarily unavailable)
2549118 openat(AT_FDCWD, "/dev/ttyUSB0", O_RDWR|O_NOCTTY|O_NONBLOCK) = 21
2549118 ioctl(21, TCGETS, {B115200 -opost -isig -icanon -echo ...}) = 0
2549118 ioctl(21, SNDCTL_TMR_START or TCSETS, {B115200 -opost -isig -icanon -echo ...}) = 0
2549118 ioctl(21, TCGETS, {B115200 -opost -isig -icanon -echo ...}) = 0
2549118 ioctl(21, TCFLSH, TCIOFLUSH)    = 0
2549118 fcntl(21, F_SETFL, O_RDONLY)    = 0
2549118 ioctl(21, TCGETS2, {B115200 -opost -isig -icanon -echo ...}) = 0
2549118 ioctl(21, TCSETS2, {0x1000 /* B??? */ -opost -isig -icanon -echo ...}) = 0
2549118 ioctl(21, TCFLSH, TCIFLUSH)     = 0
2549118 ioctl(21, TCFLSH, TCOFLUSH)     = 0
2549118 ppoll([{fd=21, events=POLLOUT}], 1, {tv_sec=0, tv_nsec=10000000}, [], 8) = 1 ([{fd=21, revents=POLLOUT}], left {tv_sec=0, tv_nsec=9997544})
2549118 write(21, "volume up\n", 10)    = 10
2549118 write(1, "wrote 10 bytes, message: \"volume"..., 39) = 39
2549118 clock_nanosleep(CLOCK_REALTIME, 0, {tv_sec=0, tv_nsec=10000000}, 0x7f5264ea9740) = 0
2549118 ppoll([{fd=21, events=POLLIN}], 1, {tv_sec=0, tv_nsec=10000000}, [], 8) = 0 (Timeout)
2549118 write(1, "issue reading from the serial de"..., 37) = 37
2549118 ioctl(21, TIOCNXCL)             = 0
2549118 close(21)                       = 0
2549118 write(2, "thread '", 8)         = 8
2549118 write(2, "actix-rt|system:0|arbiter:1", 27) = 27
2549118 write(2, "' panicked at '", 15) = 15
2549118 write(2, "called `Result::unwrap()` on an "..., 100) = 100
2549118 write(2, "', ", 3)              = 3
2549118 write(2, "src/volume.rs", 13)   = 13
2549118 write(2, ":", 1)                = 1
2549118 write(2, "5", 1)                = 1
2549118 write(2, ":", 1)                = 1
2549118 write(2, "84", 2)               = 2
2549118 write(2, "\n", 1)               = 1
2549118 epoll_ctl(18, EPOLL_CTL_DEL, 20, NULL) = 0
2549118 close(20)                       = 0
2549118 epoll_wait(16, [{events=EPOLLIN, data={u32=2147483648, u64=2147483648}}], 1024, 32) = 1
2549118 epoll_wait(16,  <unfinished ...>
2549119 <... epoll_wait resumed>[{events=EPOLLIN, data={u32=0, u64=0}}], 256, -1) = 1
2549119 accept4(9, {sa_family=AF_INET, sin_port=htons(56488), sin_addr=inet_addr("127.0.0.1")}, [128 => 16], SOCK_CLOEXEC|SOCK_NONBLOCK) = 20
2549119 write(13, "\1\0\0\0\0\0\0\0", 8) = 8
2549117 <... epoll_wait resumed>[{events=EPOLLIN, data={u32=2147483648, u64=2147483648}}], 1024, 51) = 1
2549119 accept4(9,  <unfinished ...>
2549117 epoll_ctl(14, EPOLL_CTL_ADD, 20, {events=EPOLLIN|EPOLLOUT|EPOLLRDHUP|EPOLLET, data={u32=16777217, u64=16777217}} <unfinished ...>
2549119 <... accept4 resumed>0x7f5264cb6da0, [128], SOCK_CLOEXEC|SOCK_NONBLOCK) = -1 EAGAIN (Resource temporarily unavailable)
2549117 <... epoll_ctl resumed>)        = 0
2549119 epoll_wait(10,  <unfinished ...>
2549117 getpeername(20, {sa_family=AF_INET, sin_port=htons(56488), sin_addr=inet_addr("127.0.0.1")}, [128 => 16]) = 0
2549117 mprotect(0x7f5260021000, 8192, PROT_READ|PROT_WRITE) = 0
2549117 epoll_wait(12, [{events=EPOLLOUT, data={u32=16777217, u64=16777217}}], 1024, 25) = 1
2549117 epoll_wait(12, [{events=EPOLLIN|EPOLLOUT, data={u32=16777217, u64=16777217}}], 1024, 25) = 1
2549117 write(13, "\1\0\0\0\0\0\0\0", 8) = 8
2549117 recvfrom(20, "GET /volume/up HTTP/1.1\r\nHost: l"..., 8192, 0, NULL, NULL) = 421
2549117 recvfrom(20, 0x7f526001a0a5, 7771, 0, NULL, NULL) = -1 EAGAIN (Resource temporarily unavailable)
2549117 openat(AT_FDCWD, "/dev/ttyUSB0", O_RDWR|O_NOCTTY|O_NONBLOCK) = 21
2549117 ioctl(21, TCGETS, {B115200 -opost -isig -icanon -echo ...}) = 0
2549117 ioctl(21, SNDCTL_TMR_START or TCSETS, {B115200 -opost -isig -icanon -echo ...}) = 0
2549117 ioctl(21, TCGETS, {B115200 -opost -isig -icanon -echo ...}) = 0
2549117 ioctl(21, TCFLSH, TCIOFLUSH)    = 0
2549117 fcntl(21, F_SETFL, O_RDONLY)    = 0
2549117 ioctl(21, TCGETS2, {B115200 -opost -isig -icanon -echo ...}) = 0
2549117 ioctl(21, TCSETS2, {0x1000 /* B??? */ -opost -isig -icanon -echo ...}) = 0
2549117 ioctl(21, TCFLSH, TCIFLUSH)     = 0
2549117 ioctl(21, TCFLSH, TCOFLUSH)     = 0
2549117 ppoll([{fd=21, events=POLLOUT}], 1, {tv_sec=0, tv_nsec=10000000}, [], 8) = 1 ([{fd=21, revents=POLLOUT}], left {tv_sec=0, tv_nsec=9997494})
2549117 write(21, "volume up\n", 10)    = 10
2549117 write(1, "wrote 10 bytes, message: \"volume"..., 39) = 39
2549117 clock_nanosleep(CLOCK_REALTIME, 0, {tv_sec=0, tv_nsec=10000000}, 0x7f52650aa740) = 0
2549117 ppoll([{fd=21, events=POLLIN}], 1, {tv_sec=0, tv_nsec=10000000}, [], 8) = 0 (Timeout)
2549117 write(1, "issue reading from the serial de"..., 37) = 37
2549117 ioctl(21, TIOCNXCL)             = 0
2549117 close(21)                       = 0
2549117 write(2, "thread '", 8)         = 8
2549117 write(2, "actix-rt|system:0|arbiter:0", 27) = 27
2549117 write(2, "' panicked at '", 15) = 15
2549117 write(2, "called `Result::unwrap()` on an "..., 100) = 100
2549117 write(2, "', ", 3)              = 3
2549117 write(2, "src/volume.rs", 13)   = 13
2549117 write(2, ":", 1)                = 1
2549117 write(2, "5", 1)                = 1
2549117 write(2, ":", 1)                = 1
2549117 write(2, "84", 2)               = 2
2549117 write(2, "\n", 1)               = 1
2549117 epoll_ctl(14, EPOLL_CTL_DEL, 20, NULL) = 0
2549117 close(20)                       = 0
2549117 epoll_wait(12, [{events=EPOLLIN, data={u32=2147483648, u64=2147483648}}], 1024, 1) = 1
2549117 epoll_wait(12, [], 1024, 0)     = 0
2549117 epoll_wait(12,  <unfinished ...>
2549119 <... epoll_wait resumed>[{events=EPOLLIN, data={u32=0, u64=0}}], 256, -1) = 1
2549119 accept4(9, {sa_family=AF_INET, sin_port=htons(56490), sin_addr=inet_addr("127.0.0.1")}, [128 => 16], SOCK_CLOEXEC|SOCK_NONBLOCK) = 20
2549119 write(17, "\1\0\0\0\0\0\0\0", 8) = 8
2549118 <... epoll_wait resumed>[{events=EPOLLIN, data={u32=2147483648, u64=2147483648}}], 1024, 32) = 1
2549119 accept4(9, 0x7f5264cb6da0, [128], SOCK_CLOEXEC|SOCK_NONBLOCK) = -1 EAGAIN (Resource temporarily unavailable)
2549119 epoll_wait(10,  <unfinished ...>
2549118 epoll_ctl(18, EPOLL_CTL_ADD, 20, {events=EPOLLIN|EPOLLOUT|EPOLLRDHUP|EPOLLET, data={u32=16777217, u64=16777217}}) = 0
2549118 getpeername(20, {sa_family=AF_INET, sin_port=htons(56490), sin_addr=inet_addr("127.0.0.1")}, [128 => 16]) = 0
2549118 epoll_wait(16, [{events=EPOLLIN|EPOLLOUT, data={u32=16777217, u64=16777217}}], 1024, 4) = 1
2549118 write(17, "\1\0\0\0\0\0\0\0", 8) = 8
2549118 recvfrom(20, "GET /volume/up HTTP/1.1\r\nHost: l"..., 8192, 0, NULL, NULL) = 421
2549118 recvfrom(20, 0x7f525801b185, 7771, 0, NULL, NULL) = -1 EAGAIN (Resource temporarily unavailable)
2549118 mprotect(0x7f5258021000, 8192, PROT_READ|PROT_WRITE) = 0
2549118 openat(AT_FDCWD, "/dev/ttyUSB0", O_RDWR|O_NOCTTY|O_NONBLOCK) = 21
2549118 ioctl(21, TCGETS, {B115200 -opost -isig -icanon -echo ...}) = 0
2549118 ioctl(21, SNDCTL_TMR_START or TCSETS, {B115200 -opost -isig -icanon -echo ...}) = 0
2549118 ioctl(21, TCGETS, {B115200 -opost -isig -icanon -echo ...}) = 0
2549118 ioctl(21, TCFLSH, TCIOFLUSH)    = 0
2549118 fcntl(21, F_SETFL, O_RDONLY)    = 0
2549118 ioctl(21, TCGETS2, {B115200 -opost -isig -icanon -echo ...}) = 0
2549118 ioctl(21, TCSETS2, {0x1000 /* B??? */ -opost -isig -icanon -echo ...}) = 0
2549118 ioctl(21, TCFLSH, TCIFLUSH)     = 0
2549118 ioctl(21, TCFLSH, TCOFLUSH)     = 0
2549118 ppoll([{fd=21, events=POLLOUT}], 1, {tv_sec=0, tv_nsec=10000000}, [], 8) = 1 ([{fd=21, revents=POLLOUT}], left {tv_sec=0, tv_nsec=9996800})
2549118 write(21, "volume up\n", 10)    = 10
2549118 write(1, "wrote 10 bytes, message: \"volume"..., 39) = 39
2549118 clock_nanosleep(CLOCK_REALTIME, 0, {tv_sec=0, tv_nsec=10000000}, 0x7f5264ea9740) = 0
2549118 ppoll([{fd=21, events=POLLIN}], 1, {tv_sec=0, tv_nsec=10000000}, [], 8) = 0 (Timeout)
2549118 write(1, "issue reading from the serial de"..., 37) = 37
2549118 ioctl(21, TIOCNXCL)             = 0
2549118 close(21)                       = 0
2549118 write(2, "thread '", 8)         = 8
2549118 write(2, "actix-rt|system:0|arbiter:1", 27) = 27
2549118 write(2, "' panicked at '", 15) = 15
2549118 write(2, "called `Result::unwrap()` on an "..., 100) = 100
2549118 write(2, "', ", 3)              = 3
2549118 write(2, "src/volume.rs", 13)   = 13
2549118 write(2, ":", 1)                = 1
2549118 write(2, "5", 1)                = 1
2549118 write(2, ":", 1)                = 1
2549118 write(2, "84", 2)               = 2
2549118 write(2, "\n", 1)               = 1
2549118 epoll_ctl(18, EPOLL_CTL_DEL, 20, NULL) = 0
2549118 close(20)                       = 0
2549118 epoll_wait(16, [{events=EPOLLIN, data={u32=2147483648, u64=2147483648}}], 1024, 0) = 1
2549118 epoll_wait(16,  <unfinished ...>
2549119 <... epoll_wait resumed>[{events=EPOLLIN, data={u32=0, u64=0}}], 256, -1) = 1
2549119 accept4(9, {sa_family=AF_INET, sin_port=htons(56492), sin_addr=inet_addr("127.0.0.1")}, [128 => 16], SOCK_CLOEXEC|SOCK_NONBLOCK) = 20
2549119 write(13, "\1\0\0\0\0\0\0\0", 8) = 8
2549117 <... epoll_wait resumed>[{events=EPOLLIN, data={u32=2147483648, u64=2147483648}}], 1024, 384) = 1
2549119 accept4(9,  <unfinished ...>
2549117 epoll_ctl(14, EPOLL_CTL_ADD, 20, {events=EPOLLIN|EPOLLOUT|EPOLLRDHUP|EPOLLET, data={u32=33554433, u64=33554433}} <unfinished ...>
2549119 <... accept4 resumed>0x7f5264cb6da0, [128], SOCK_CLOEXEC|SOCK_NONBLOCK) = -1 EAGAIN (Resource temporarily unavailable)
2549117 <... epoll_ctl resumed>)        = 0
2549119 epoll_wait(10,  <unfinished ...>
2549117 getpeername(20, {sa_family=AF_INET, sin_port=htons(56492), sin_addr=inet_addr("127.0.0.1")}, [128 => 16]) = 0
2549117 mprotect(0x7f5260023000, 8192, PROT_READ|PROT_WRITE) = 0
2549117 epoll_wait(12, [{events=EPOLLIN|EPOLLOUT, data={u32=33554433, u64=33554433}}], 1024, 358) = 1
2549117 write(13, "\1\0\0\0\0\0\0\0", 8) = 8
2549117 recvfrom(20, "GET /volume/up HTTP/1.1\r\nHost: l"..., 8192, 0, NULL, NULL) = 421
2549117 recvfrom(20, 0x7f52600204e5, 7771, 0, NULL, NULL) = -1 EAGAIN (Resource temporarily unavailable)
2549117 openat(AT_FDCWD, "/dev/ttyUSB0", O_RDWR|O_NOCTTY|O_NONBLOCK) = 21
2549117 ioctl(21, TCGETS, {B115200 -opost -isig -icanon -echo ...}) = 0
2549117 ioctl(21, SNDCTL_TMR_START or TCSETS, {B115200 -opost -isig -icanon -echo ...}) = 0
2549117 ioctl(21, TCGETS, {B115200 -opost -isig -icanon -echo ...}) = 0
2549117 ioctl(21, TCFLSH, TCIOFLUSH)    = 0
2549117 fcntl(21, F_SETFL, O_RDONLY)    = 0
2549117 ioctl(21, TCGETS2, {B115200 -opost -isig -icanon -echo ...}) = 0
2549117 ioctl(21, TCSETS2, {0x1000 /* B??? */ -opost -isig -icanon -echo ...}) = 0
2549117 ioctl(21, TCFLSH, TCIFLUSH)     = 0
2549117 ioctl(21, TCFLSH, TCOFLUSH)     = 0
2549117 ppoll([{fd=21, events=POLLOUT}], 1, {tv_sec=0, tv_nsec=10000000}, [], 8) = 1 ([{fd=21, revents=POLLOUT}], left {tv_sec=0, tv_nsec=9993584})
2549117 write(21, "volume up\n", 10)    = 10
2549117 write(1, "wrote 10 bytes, message: \"volume"..., 39) = 39
2549117 clock_nanosleep(CLOCK_REALTIME, 0, {tv_sec=0, tv_nsec=10000000}, 0x7f52650aa740) = 0
2549117 ppoll([{fd=21, events=POLLIN}], 1, {tv_sec=0, tv_nsec=10000000}, [], 8) = 0 (Timeout)
2549117 write(1, "issue reading from the serial de"..., 37) = 37
2549117 ioctl(21, TIOCNXCL)             = 0
2549117 close(21)                       = 0
2549117 write(2, "thread '", 8)         = 8
2549117 write(2, "actix-rt|system:0|arbiter:0", 27) = 27
2549117 write(2, "' panicked at '", 15) = 15
2549117 write(2, "called `Result::unwrap()` on an "..., 100) = 100
2549117 write(2, "', ", 3)              = 3
2549117 write(2, "src/volume.rs", 13)   = 13
2549117 write(2, ":", 1)                = 1
2549117 write(2, "5", 1)                = 1
2549117 write(2, ":", 1)                = 1
2549117 write(2, "84", 2)               = 2
2549117 write(2, "\n", 1)               = 1
2549117 epoll_ctl(14, EPOLL_CTL_DEL, 20, NULL) = 0
2549117 close(20)                       = 0
2549117 epoll_wait(12, [{events=EPOLLIN, data={u32=2147483648, u64=2147483648}}], 1024, 334) = 1
2549117 epoll_wait(12,  <unfinished ...>
2549119 <... epoll_wait resumed>[{events=EPOLLIN, data={u32=0, u64=0}}], 256, -1) = 1
2549119 accept4(9, {sa_family=AF_INET, sin_port=htons(56494), sin_addr=inet_addr("127.0.0.1")}, [128 => 16], SOCK_CLOEXEC|SOCK_NONBLOCK) = 20
2549119 write(17, "\1\0\0\0\0\0\0\0", 8) = 8
2549119 accept4(9,  <unfinished ...>
2549118 <... epoll_wait resumed>[{events=EPOLLIN, data={u32=2147483648, u64=2147483648}}], 1024, 364) = 1
2549119 <... accept4 resumed>0x7f5264cb6da0, [128], SOCK_CLOEXEC|SOCK_NONBLOCK) = -1 EAGAIN (Resource temporarily unavailable)
2549119 epoll_wait(10,  <unfinished ...>
2549118 epoll_ctl(18, EPOLL_CTL_ADD, 20, {events=EPOLLIN|EPOLLOUT|EPOLLRDHUP|EPOLLET, data={u32=33554433, u64=33554433}}) = 0
2549118 getpeername(20, {sa_family=AF_INET, sin_port=htons(56494), sin_addr=inet_addr("127.0.0.1")}, [128 => 16]) = 0
2549118 mprotect(0x7f5258023000, 8192, PROT_READ|PROT_WRITE) = 0
2549118 epoll_wait(16, [{events=EPOLLIN|EPOLLOUT, data={u32=33554433, u64=33554433}}], 1024, 338) = 1
2549118 write(17, "\1\0\0\0\0\0\0\0", 8) = 8
2549118 recvfrom(20, "GET /volume/up HTTP/1.1\r\nHost: l"..., 8192, 0, NULL, NULL) = 421
2549118 recvfrom(20, 0x7f525801ecd5, 7771, 0, NULL, NULL) = -1 EAGAIN (Resource temporarily unavailable)
2549118 openat(AT_FDCWD, "/dev/ttyUSB0", O_RDWR|O_NOCTTY|O_NONBLOCK) = 21
2549118 ioctl(21, TCGETS, {B115200 -opost -isig -icanon -echo ...}) = 0
2549118 ioctl(21, SNDCTL_TMR_START or TCSETS, {B115200 -opost -isig -icanon -echo ...}) = 0
2549118 ioctl(21, TCGETS, {B115200 -opost -isig -icanon -echo ...}) = 0
2549118 ioctl(21, TCFLSH, TCIOFLUSH)    = 0
2549118 fcntl(21, F_SETFL, O_RDONLY)    = 0
2549118 ioctl(21, TCGETS2, {B115200 -opost -isig -icanon -echo ...}) = 0
2549118 ioctl(21, TCSETS2, {0x1000 /* B??? */ -opost -isig -icanon -echo ...}) = 0
2549118 ioctl(21, TCFLSH, TCIFLUSH)     = 0
2549118 ioctl(21, TCFLSH, TCOFLUSH)     = 0
2549118 ppoll([{fd=21, events=POLLOUT}], 1, {tv_sec=0, tv_nsec=10000000}, [], 8) = 1 ([{fd=21, revents=POLLOUT}], left {tv_sec=0, tv_nsec=9997673})
2549118 write(21, "volume up\n", 10)    = 10
2549118 write(1, "wrote 10 bytes, message: \"volume"..., 39) = 39
2549118 clock_nanosleep(CLOCK_REALTIME, 0, {tv_sec=0, tv_nsec=10000000}, 0x7f5264ea9740) = 0
2549118 ppoll([{fd=21, events=POLLIN}], 1, {tv_sec=0, tv_nsec=10000000}, [], 8) = 0 (Timeout)
2549118 write(1, "issue reading from the serial de"..., 37) = 37
2549118 ioctl(21, TIOCNXCL)             = 0
2549118 close(21)                       = 0
2549118 write(2, "thread '", 8)         = 8
2549118 write(2, "actix-rt|system:0|arbiter:1", 27) = 27
2549118 write(2, "' panicked at '", 15) = 15
2549118 write(2, "called `Result::unwrap()` on an "..., 100) = 100
2549118 write(2, "', ", 3)              = 3
2549118 write(2, "src/volume.rs", 13)   = 13
2549118 write(2, ":", 1)                = 1
2549118 write(2, "5", 1)                = 1
2549118 write(2, ":", 1)                = 1
2549118 write(2, "84", 2)               = 2
2549118 write(2, "\n", 1)               = 1
2549118 epoll_ctl(18, EPOLL_CTL_DEL, 20, NULL) = 0
2549118 close(20)                       = 0
2549118 epoll_wait(16, [{events=EPOLLIN, data={u32=2147483648, u64=2147483648}}], 1024, 315) = 1
2549118 epoll_wait(16,  <unfinished ...>
2549119 <... epoll_wait resumed>[{events=EPOLLIN, data={u32=0, u64=0}}], 256, -1) = 1
2549119 accept4(9, {sa_family=AF_INET, sin_port=htons(56496), sin_addr=inet_addr("127.0.0.1")}, [128 => 16], SOCK_CLOEXEC|SOCK_NONBLOCK) = 20
2549119 write(13, "\1\0\0\0\0\0\0\0", 8) = 8
2549117 <... epoll_wait resumed>[{events=EPOLLIN, data={u32=2147483648, u64=2147483648}}], 1024, 334) = 1
2549119 accept4(9, 0x7f5264cb6da0, [128], SOCK_CLOEXEC|SOCK_NONBLOCK) = -1 EAGAIN (Resource temporarily unavailable)
2549117 epoll_ctl(14, EPOLL_CTL_ADD, 20, {events=EPOLLIN|EPOLLOUT|EPOLLRDHUP|EPOLLET, data={u32=50331649, u64=50331649}} <unfinished ...>
2549119 epoll_wait(10,  <unfinished ...>
2549117 <... epoll_ctl resumed>)        = 0
2549117 getpeername(20, {sa_family=AF_INET, sin_port=htons(56496), sin_addr=inet_addr("127.0.0.1")}, [128 => 16]) = 0
2549117 mprotect(0x7f5260025000, 8192, PROT_READ|PROT_WRITE) = 0
2549117 epoll_wait(12, [{events=EPOLLOUT, data={u32=50331649, u64=50331649}}], 1024, 309) = 1
2549117 epoll_wait(12, [{events=EPOLLIN|EPOLLOUT, data={u32=50331649, u64=50331649}}], 1024, 309) = 1
2549117 write(13, "\1\0\0\0\0\0\0\0", 8) = 8
2549117 recvfrom(20, "GET /volume/up HTTP/1.1\r\nHost: l"..., 8192, 0, NULL, NULL) = 421
2549117 recvfrom(20, 0x7f52600224f5, 7771, 0, NULL, NULL) = -1 EAGAIN (Resource temporarily unavailable)
2549117 openat(AT_FDCWD, "/dev/ttyUSB0", O_RDWR|O_NOCTTY|O_NONBLOCK) = 21
2549117 ioctl(21, TCGETS, {B115200 -opost -isig -icanon -echo ...}) = 0
2549117 ioctl(21, SNDCTL_TMR_START or TCSETS, {B115200 -opost -isig -icanon -echo ...}) = 0
2549117 ioctl(21, TCGETS, {B115200 -opost -isig -icanon -echo ...}) = 0
2549117 ioctl(21, TCFLSH, TCIOFLUSH)    = 0
2549117 fcntl(21, F_SETFL, O_RDONLY)    = 0
2549117 ioctl(21, TCGETS2, {B115200 -opost -isig -icanon -echo ...}) = 0
2549117 ioctl(21, TCSETS2, {0x1000 /* B??? */ -opost -isig -icanon -echo ...}) = 0
2549117 ioctl(21, TCFLSH, TCIFLUSH)     = 0
2549117 ioctl(21, TCFLSH, TCOFLUSH)     = 0
2549117 ppoll([{fd=21, events=POLLOUT}], 1, {tv_sec=0, tv_nsec=10000000}, [], 8) = 1 ([{fd=21, revents=POLLOUT}], left {tv_sec=0, tv_nsec=9995598})
2549117 write(21, "volume up\n", 10)    = 10
2549117 write(1, "wrote 10 bytes, message: \"volume"..., 39) = 39
2549117 clock_nanosleep(CLOCK_REALTIME, 0, {tv_sec=0, tv_nsec=10000000}, 0x7f52650aa740) = 0
2549117 ppoll([{fd=21, events=POLLIN}], 1, {tv_sec=0, tv_nsec=10000000}, [], 8) = 0 (Timeout)
2549117 write(1, "issue reading from the serial de"..., 37) = 37
2549117 ioctl(21, TIOCNXCL)             = 0
2549117 close(21)                       = 0
2549117 write(2, "thread '", 8)         = 8
2549117 write(2, "actix-rt|system:0|arbiter:0", 27) = 27
2549117 write(2, "' panicked at '", 15) = 15
2549117 write(2, "called `Result::unwrap()` on an "..., 100) = 100
2549117 write(2, "', ", 3)              = 3
2549117 write(2, "src/volume.rs", 13)   = 13
2549117 write(2, ":", 1)                = 1
2549117 write(2, "5", 1)                = 1
2549117 write(2, ":", 1)                = 1
2549117 write(2, "84", 2)               = 2
2549117 write(2, "\n", 1)               = 1
2549117 epoll_ctl(14, EPOLL_CTL_DEL, 20, NULL) = 0
2549117 close(20)                       = 0
2549117 epoll_wait(12, [{events=EPOLLIN, data={u32=2147483648, u64=2147483648}}], 1024, 285) = 1
2549117 epoll_wait(12,  <unfinished ...>
2549119 <... epoll_wait resumed>[{events=EPOLLIN, data={u32=0, u64=0}}], 256, -1) = 1
2549119 accept4(9, {sa_family=AF_INET, sin_port=htons(56498), sin_addr=inet_addr("127.0.0.1")}, [128 => 16], SOCK_CLOEXEC|SOCK_NONBLOCK) = 20
2549119 write(17, "\1\0\0\0\0\0\0\0", 8) = 8
2549118 <... epoll_wait resumed>[{events=EPOLLIN, data={u32=2147483648, u64=2147483648}}], 1024, 315) = 1
2549119 accept4(9, 0x7f5264cb6da0, [128], SOCK_CLOEXEC|SOCK_NONBLOCK) = -1 EAGAIN (Resource temporarily unavailable)
2549119 epoll_wait(10,  <unfinished ...>
2549118 epoll_ctl(18, EPOLL_CTL_ADD, 20, {events=EPOLLIN|EPOLLOUT|EPOLLRDHUP|EPOLLET, data={u32=50331649, u64=50331649}}) = 0
2549118 getpeername(20, {sa_family=AF_INET, sin_port=htons(56498), sin_addr=inet_addr("127.0.0.1")}, [128 => 16]) = 0
2549118 epoll_wait(16, [{events=EPOLLIN|EPOLLOUT, data={u32=50331649, u64=50331649}}], 1024, 289) = 1
2549118 write(17, "\1\0\0\0\0\0\0\0", 8) = 8
2549118 recvfrom(20, "GET /volume/up HTTP/1.1\r\nHost: l"..., 8192, 0, NULL, NULL) = 421
